2026-05-28 09:00:45,560 INFO Running for 2026-05-28 
2026-05-28 09:00:45,561 INFO Querying browser history...
2026-05-28 09:00:45,628 INFO Found 0 Bugzilla bugs, 0 Phab revisions
2026-05-28 09:00:45,628 INFO No activity today — exiting.
2026-05-28 23:00:07,536 INFO Running for 2026-05-28 
2026-05-28 23:00:07,575 INFO Querying browser history...
2026-05-28 23:00:07,690 INFO Found 6 Bugzilla bugs, 5 Phab revisions
2026-05-28 23:00:20,647 INFO BZ: 1 interacted, 0 triaged
2026-05-28 23:01:09,162 INFO Phab: 4 submitted, 3 reviewed
2026-05-28 23:01:09,595 INFO Added 8 new items to 2026-W22.md
2026-05-28 23:01:09,807 INFO Written: /Users/morganraereschenberg/Library/Mobile Documents/iCloud~md~obsidian/Documents/Work/2026/Q2/2026-W22.md
2026-05-28 23:01:09,906 INFO Done.
2026-05-29 23:00:03,842 INFO Running for 2026-05-29 
2026-05-29 23:00:03,983 INFO Querying browser history...
2026-05-29 23:00:04,594 INFO Found 14 Bugzilla bugs, 7 Phab revisions
2026-05-29 23:00:34,992 INFO BZ: 3 interacted, 0 triaged
2026-05-29 23:01:41,953 INFO Phab: 0 submitted, 5 reviewed
2026-05-29 23:01:42,008 INFO Added 8 new items to 2026-W22.md
2026-05-29 23:01:42,175 INFO Written: /Users/morganraereschenberg/Library/Mobile Documents/iCloud~md~obsidian/Documents/Work/2026/Q2/2026-W22.md
2026-05-29 23:01:42,283 INFO Done.
2026-05-30 23:00:04,828 INFO Running for 2026-05-30 
2026-05-30 23:00:04,831 INFO Querying browser history...
2026-05-30 23:00:04,938 INFO Found 0 Bugzilla bugs, 0 Phab revisions
2026-05-30 23:00:04,938 INFO No activity today — exiting.
2026-05-31 23:00:04,973 INFO Running for 2026-05-31 
2026-05-31 23:00:05,117 INFO Querying browser history...
2026-05-31 23:00:05,199 INFO Found 0 Bugzilla bugs, 0 Phab revisions
2026-05-31 23:00:05,199 INFO No activity today — exiting.
2026-06-01 23:00:04,674 INFO Running for 2026-06-01 
2026-06-01 23:00:04,814 INFO Querying browser history...
2026-06-01 23:00:05,247 INFO Found 5 Bugzilla bugs, 9 Phab revisions
2026-06-01 23:00:15,884 INFO BZ: 1 interacted, 0 triaged
2026-06-01 23:01:35,167 INFO Phab: 5 submitted, 0 reviewed
2026-06-01 23:01:35,433 INFO Creating week note: /Users/morganraereschenberg/Library/Mobile Documents/iCloud~md~obsidian/Documents/Work/2026/Q2/2026-W23.md
2026-06-01 23:01:35,493 INFO Creating day entry for 2026-06-01
2026-06-01 23:01:35,493 INFO Added 6 new items to 2026-W23.md
2026-06-01 23:01:35,516 INFO Written: /Users/morganraereschenberg/Library/Mobile Documents/iCloud~md~obsidian/Documents/Work/2026/Q2/2026-W23.md
2026-06-01 23:01:35,625 INFO Done.
2026-06-02 23:00:06,121 INFO Running for 2026-06-02 
2026-06-02 23:00:06,308 INFO Querying browser history...
2026-06-02 23:00:06,490 INFO Found 7 Bugzilla bugs, 5 Phab revisions
2026-06-02 23:00:22,055 INFO BZ: 3 interacted, 1 triaged
2026-06-02 23:01:11,310 INFO Phab: 6 submitted, 0 reviewed
2026-06-02 23:01:11,562 INFO Added 10 new items to 2026-W23.md
2026-06-02 23:01:11,612 INFO Written: /Users/morganraereschenberg/Library/Mobile Documents/iCloud~md~obsidian/Documents/Work/2026/Q2/2026-W23.md
2026-06-02 23:01:11,613 INFO Done.
2026-06-03 23:00:04,098 INFO Running for 2026-06-03 
2026-06-03 23:00:04,118 INFO Querying browser history...
2026-06-03 23:00:06,000 INFO Found 1 Bugzilla bugs, 5 Phab revisions
2026-06-03 23:00:08,399 INFO BZ: 0 interacted, 0 triaged
2026-06-03 23:00:58,015 INFO Phab: 11 submitted, 0 reviewed
2026-06-03 23:00:58,488 INFO Added 11 new items to 2026-W23.md
2026-06-03 23:00:58,491 INFO Written: /Users/morganraereschenberg/Library/Mobile Documents/iCloud~md~obsidian/Documents/Work/2026/Q2/2026-W23.md
2026-06-03 23:00:58,492 INFO Done.
