2026-06-10 22:44:46,566 INFO 128 summary files, 7 cron transcript files on disk
2026-06-10 22:45:01,245 INFO 136 meetings with summary and/or transcript
2026-06-10 22:45:01,310 INFO [dry] summary: Work/2026/Q1/Week 2/Morgan - Anna 1-1 (2026-01-07).md -> Work/2026/Q1/Week 2/Morgan - Anna 1-1 (2026-01-07)/summary.md
2026-06-10 22:45:01,310 INFO [dry] summary: Work/2026/Q1/Week 2/UX + A11y Sync (2026-01-07).md -> Work/2026/Q1/Week 2/UX + A11y Sync (2026-01-07)/summary.md
2026-06-10 22:45:01,310 INFO [dry] summary: Work/2026/Q1/Week 2/Accessibility Reviews - Project Check-in (2026-01-08).md -> Work/2026/Q1/Week 2/Accessibility Reviews - Project Check-in (2026-01-08)/summary.md
2026-06-10 22:45:01,310 INFO [dry] summary: Work/2026/Q1/Week 2/Accessibility Reviews - Project Check-in (2026-01-09).md -> Work/2026/Q1/Week 2/Accessibility Reviews - Project Check-in (2026-01-09)/summary.md
2026-06-10 22:45:01,310 INFO [dry] summary: Work/2026/Q1/Week 3/Anna's Career Discussion (2026-01-13).md -> Work/2026/Q1/Week 3/Anna's Career Discussion (2026-01-13)/summary.md
2026-06-10 22:45:01,310 INFO [dry] summary: Work/2026/Q1/Week 3/Accessibility Reviews - Project Check-in (2026-01-15).md -> Work/2026/Q1/Week 3/Accessibility Reviews - Project Check-in (2026-01-15)/summary.md
2026-06-10 22:45:01,310 INFO [dry] summary: Work/2026/Q1/Week 3/Accessibility Reviews - Project Check-in (2026-01-16).md -> Work/2026/Q1/Week 3/Accessibility Reviews - Project Check-in (2026-01-16)/summary.md
2026-06-10 22:45:01,310 INFO [dry] summary: Work/2026/Q1/Week 4/Accessibility team meeting (2026-01-21).md -> Work/2026/Q1/Week 4/Accessibility team meeting (2026-01-21)/summary.md
2026-06-10 22:45:01,310 INFO [dry] summary: Work/2026/Q1/Week 4/Morgan - Anna 1-1 (2026-01-21).md -> Work/2026/Q1/Week 4/Morgan - Anna 1-1 (2026-01-21)/summary.md
2026-06-10 22:45:01,311 INFO [dry] summary: Work/2026/Q1/Week 4/Accessibility Reviews - Project Check-in (2026-01-22).md -> Work/2026/Q1/Week 4/Accessibility Reviews - Project Check-in (2026-01-22)/summary.md
2026-06-10 22:45:01,311 INFO [dry] summary: Work/2026/Q1/Week 4/Accessibility Reviews - Project Check-in (2026-01-23) (2).md -> Work/2026/Q1/Week 4/Accessibility Reviews - Project Check-in (2026-01-23) (2)/summary.md
2026-06-10 22:45:01,311 INFO [dry] summary: Work/2026/Q1/Week 4/Accessibility Reviews - Project Check-in (2026-01-23).md -> Work/2026/Q1/Week 4/Accessibility Reviews - Project Check-in (2026-01-23)/summary.md
2026-06-10 22:45:01,311 INFO [dry] summary: Work/2026/Q1/Week 5/Google Calendar Meeting (not synced) (2026-01-27).md -> Work/2026/Q1/Week 5/Google Calendar Meeting (not synced) (2026-01-27)/summary.md
2026-06-10 22:45:01,311 INFO [dry] summary: Work/2026/Q1/Week 5/UX + A11y Sync (2026-01-28).md -> Work/2026/Q1/Week 5/UX + A11y Sync (2026-01-28)/summary.md
2026-06-10 22:45:01,311 INFO [dry] summary: Work/2026/Q1/Week 5/Accessibility Reviews - Project Check-in (2026-01-29).md -> Work/2026/Q1/Week 5/Accessibility Reviews - Project Check-in (2026-01-29)/summary.md
2026-06-10 22:45:01,311 INFO [dry] summary: Work/2026/Q1/Week 5/Morgan - Natalie 1-1 (extended version) (2026-01-29).md -> Work/2026/Q1/Week 5/Morgan - Natalie 1-1 (extended version) (2026-01-29)/summary.md
2026-06-10 22:45:01,311 INFO [dry] summary: Work/2026/Q1/Week 5/Accessibility Reviews - Project Check-in (2026-01-30).md -> Work/2026/Q1/Week 5/Accessibility Reviews - Project Check-in (2026-01-30)/summary.md
2026-06-10 22:45:01,311 INFO [dry] summary: Work/2026/Q1/Week 5/Morgan - Anna work week check in (2026-01-30).md -> Work/2026/Q1/Week 5/Morgan - Anna work week check in (2026-01-30)/summary.md
2026-06-10 22:45:01,311 INFO [dry] summary: Work/2026/Q1/Week 6/Accessibility team meeting (2026-02-04).md -> Work/2026/Q1/Week 6/Accessibility team meeting (2026-02-04)/summary.md
2026-06-10 22:45:01,311 INFO [dry] summary: Work/2026/Q1/Week 7/2026 H2 - A11y Contractor Discussion (2026-02-10).md -> Work/2026/Q1/Week 7/2026 H2 - A11y Contractor Discussion (2026-02-10)/summary.md
2026-06-10 22:45:01,311 INFO [dry] summary: Work/2026/Q1/Week 7/Accessibility Reviews - Project Check-in (2026-02-12).md -> Work/2026/Q1/Week 7/Accessibility Reviews - Project Check-in (2026-02-12)/summary.md
2026-06-10 22:45:01,311 INFO [dry] summary: Work/2026/Q1/Week 7/Accessibility Reviews - Project Check-in (2026-02-13).md -> Work/2026/Q1/Week 7/Accessibility Reviews - Project Check-in (2026-02-13)/summary.md
2026-06-10 22:45:01,311 INFO [dry] summary: Work/2026/Q1/Week 8/Accessibility team meeting (2026-02-18).md -> Work/2026/Q1/Week 8/Accessibility team meeting (2026-02-18)/summary.md
2026-06-10 22:45:01,311 INFO [dry] summary: Work/2026/Q1/Week 8/Morgan - Anna 1-1 (2026-02-18).md -> Work/2026/Q1/Week 8/Morgan - Anna 1-1 (2026-02-18)/summary.md
2026-06-10 22:45:01,311 INFO [dry] summary: Work/2026/Q1/Week 8/Morgan - Natalie 1-1 (2026-02-18).md -> Work/2026/Q1/Week 8/Morgan - Natalie 1-1 (2026-02-18)/summary.md
2026-06-10 22:45:01,311 INFO [dry] summary: Work/2026/Q1/Week 8/UX + A11y Sync (2026-02-18).md -> Work/2026/Q1/Week 8/UX + A11y Sync (2026-02-18)/summary.md
2026-06-10 22:45:01,311 INFO [dry] summary: Work/2026/Q1/Week 8/[Check-in] Natalie Performance III (2026-02-18).md -> Work/2026/Q1/Week 8/[Check-in] Natalie Performance III (2026-02-18)/summary.md
2026-06-10 22:45:01,311 INFO [dry] summary: Work/2026/Q1/Week 8/Accessibility Reviews - Project Check-in (2026-02-19).md -> Work/2026/Q1/Week 8/Accessibility Reviews - Project Check-in (2026-02-19)/summary.md
2026-06-10 22:45:01,311 INFO [dry] summary: Work/2026/Q1/Week 8/Accessibility Reviews - Project Check-in (2026-02-20).md -> Work/2026/Q1/Week 8/Accessibility Reviews - Project Check-in (2026-02-20)/summary.md
2026-06-10 22:45:01,311 INFO [dry] summary: Work/2026/Q1/Week 9/Review Prioritisation Discussion (2026-02-24).md -> Work/2026/Q1/Week 9/Review Prioritisation Discussion (2026-02-24)/summary.md
2026-06-10 22:45:01,311 INFO [dry] summary: Work/2026/Q1/Week 9/Morgan - Natalie 1-1 (2026-02-25).md -> Work/2026/Q1/Week 9/Morgan - Natalie 1-1 (2026-02-25)/summary.md
2026-06-10 22:45:01,311 INFO [dry] summary: Work/2026/Q1/Week 9/[Check-in] Natalie Performance III, pt.2 (2026-02-25).md -> Work/2026/Q1/Week 9/[Check-in] Natalie Performance III, pt.2 (2026-02-25)/summary.md
2026-06-10 22:45:01,311 INFO [dry] summary: Work/2026/Q1/Week 9/Accessibility Reviews - Project Check-in (2026-02-26).md -> Work/2026/Q1/Week 9/Accessibility Reviews - Project Check-in (2026-02-26)/summary.md
2026-06-10 22:45:01,311 INFO [dry] summary: Work/2026/Q1/Week 9/Accessibility Reviews - Project Check-in (2026-02-27).md -> Work/2026/Q1/Week 9/Accessibility Reviews - Project Check-in (2026-02-27)/summary.md
2026-06-10 22:45:01,311 INFO [dry] summary: Work/2026/Q1/Week 10/Morgan - Anna 1-1 (2026-03-02).md -> Work/2026/Q1/Week 10/Morgan - Anna 1-1 (2026-03-02)/summary.md
2026-06-10 22:45:01,311 INFO [dry] summary: Work/2026/Q1/Week 10/Review Prioritisation Discussion (2026-03-03).md -> Work/2026/Q1/Week 10/Review Prioritisation Discussion (2026-03-03)/summary.md
2026-06-10 22:45:01,311 INFO [dry] summary: Work/2026/Q1/Week 10/Accessibility team meeting (2026-03-04).md -> Work/2026/Q1/Week 10/Accessibility team meeting (2026-03-04)/summary.md
2026-06-10 22:45:01,311 INFO [dry] summary: Work/2026/Q1/Week 10/Morgan - Natalie 1-1 (2026-03-04).md -> Work/2026/Q1/Week 10/Morgan - Natalie 1-1 (2026-03-04)/summary.md
2026-06-10 22:45:01,311 INFO [dry] summary: Work/2026/Q1/Week 10/Accessibility Reviews - Project Check-in (2026-03-05).md -> Work/2026/Q1/Week 10/Accessibility Reviews - Project Check-in (2026-03-05)/summary.md
2026-06-10 22:45:01,311 INFO [dry] summary: Work/2026/Q1/Week 11/Morgan - Anna 1-1 (2026-03-09).md -> Work/2026/Q1/Week 11/Morgan - Anna 1-1 (2026-03-09)/summary.md
2026-06-10 22:45:01,311 INFO [dry] summary: Work/2026/Q1/Week 11/Review Prioritisation Discussion (2026-03-10).md -> Work/2026/Q1/Week 11/Review Prioritisation Discussion (2026-03-10)/summary.md
2026-06-10 22:45:01,311 INFO [dry] summary: Work/2026/Q1/Week 11/A11y bugs dashboard discussion (2026-03-11).md -> Work/2026/Q1/Week 11/A11y bugs dashboard discussion (2026-03-11)/summary.md
2026-06-10 22:45:01,311 INFO [dry] summary: Work/2026/Q1/Week 11/Morgan - Natalie 1-1 (2026-03-11).md -> Work/2026/Q1/Week 11/Morgan - Natalie 1-1 (2026-03-11)/summary.md
2026-06-10 22:45:01,311 INFO [dry] summary: Work/2026/Q1/Week 11/UX + A11y Sync (2026-03-11).md -> Work/2026/Q1/Week 11/UX + A11y Sync (2026-03-11)/summary.md
2026-06-10 22:45:01,311 INFO [dry] summary: Work/2026/Q1/Week 11/Accessibility Reviews - Project Check-in (2026-03-12).md -> Work/2026/Q1/Week 11/Accessibility Reviews - Project Check-in (2026-03-12)/summary.md
2026-06-10 22:45:01,311 INFO [dry] summary: Work/2026/Q1/Week 11/Accessibility Reviews - Project Check-in (2026-03-13) (2).md -> Work/2026/Q1/Week 11/Accessibility Reviews - Project Check-in (2026-03-13) (2)/summary.md
2026-06-10 22:45:01,311 INFO [dry] summary: Work/2026/Q1/Week 12/Morgan - Anna 1-1 (2026-03-16).md -> Work/2026/Q1/Week 12/Morgan - Anna 1-1 (2026-03-16)/summary.md
2026-06-10 22:45:01,311 INFO [dry] summary: Work/2026/Q1/Week 12/Accessibility team meeting (2026-03-17).md -> Work/2026/Q1/Week 12/Accessibility team meeting (2026-03-17)/summary.md
2026-06-10 22:45:01,311 INFO [dry] summary: Work/2026/Q1/Week 12/Review Prioritisation Discussion (2026-03-17).md -> Work/2026/Q1/Week 12/Review Prioritisation Discussion (2026-03-17)/summary.md
2026-06-10 22:45:01,311 INFO [dry] summary: Work/2026/Q1/Week 12/Accessibility team meeting (2026-03-18).md -> Work/2026/Q1/Week 12/Accessibility team meeting (2026-03-18)/summary.md
2026-06-10 22:45:01,311 INFO [dry] summary: Work/2026/Q1/Week 12/Morgan - Natalie 1-1 (2026-03-18).md -> Work/2026/Q1/Week 12/Morgan - Natalie 1-1 (2026-03-18)/summary.md
2026-06-10 22:45:01,311 INFO [dry] summary: Work/2026/Q1/Week 12/Accessibility Reviews - Project Check-in (2026-03-19).md -> Work/2026/Q1/Week 12/Accessibility Reviews - Project Check-in (2026-03-19)/summary.md
2026-06-10 22:45:01,311 INFO [dry] summary: Work/2026/Q1/Week 12/Accessibility Reviews - Project Check-in (2026-03-20).md -> Work/2026/Q1/Week 12/Accessibility Reviews - Project Check-in (2026-03-20)/summary.md
2026-06-10 22:45:01,311 INFO [dry] summary: Work/2026/Q1/Week 13/Morgan - Anna 1-1 (2026-03-23).md -> Work/2026/Q1/Week 13/Morgan - Anna 1-1 (2026-03-23)/summary.md
2026-06-10 22:45:01,311 INFO [dry] summary: Work/2026/Q1/Week 13/Review Prioritisation Discussion (2026-03-24).md -> Work/2026/Q1/Week 13/Review Prioritisation Discussion (2026-03-24)/summary.md
2026-06-10 22:45:01,311 INFO [dry] summary: Work/2026/Q1/Week 13/[Check-in] Natalie Performance IV (2026-03-24).md -> Work/2026/Q1/Week 13/[Check-in] Natalie Performance IV (2026-03-24)/summary.md
2026-06-10 22:45:01,311 INFO [dry] summary: Work/2026/Q1/Week 13/Morgan - Natalie 1-1 (2026-03-25).md -> Work/2026/Q1/Week 13/Morgan - Natalie 1-1 (2026-03-25)/summary.md
2026-06-10 22:45:01,311 INFO [dry] summary: Work/2026/Q1/Week 13/Accessibility Reviews - Project Check-in (2026-03-26).md -> Work/2026/Q1/Week 13/Accessibility Reviews - Project Check-in (2026-03-26)/summary.md
2026-06-10 22:45:01,311 INFO [dry] summary: Work/2026/Q1/Week 13/Accessibility Reviews - Project Check-in (2026-03-27).md -> Work/2026/Q1/Week 13/Accessibility Reviews - Project Check-in (2026-03-27)/summary.md
2026-06-10 22:45:01,311 INFO [dry] summary: Work/2026/Q1/Week 14/Review Prioritisation Discussion (2026-03-31).md -> Work/2026/Q1/Week 14/Review Prioritisation Discussion (2026-03-31)/summary.md
2026-06-10 22:45:01,311 INFO [dry] summary: Work/2026/Q1/Week 14/Accessibility team meeting (2026-04-01).md -> Work/2026/Q1/Week 14/Accessibility team meeting (2026-04-01)/summary.md
2026-06-10 22:45:01,311 INFO [dry] summary: Work/2026/Q1/Week 14/UX + A11y Sync (2026-04-01).md -> Work/2026/Q1/Week 14/UX + A11y Sync (2026-04-01)/summary.md
2026-06-10 22:45:01,311 INFO [dry] summary: Work/2026/Q1/Week 14/Morgan - Natalie 1-1 (2026-04-03).md -> Work/2026/Q1/Week 14/Morgan - Natalie 1-1 (2026-04-03)/summary.md
2026-06-10 22:45:01,311 INFO [dry] summary: Work/2026/Q2/Week 15/Review Prioritisation Discussion (2026-04-07).md -> Work/2026/Q2/Week 15/Review Prioritisation Discussion (2026-04-07)/summary.md
2026-06-10 22:45:01,311 INFO [dry] summary: Work/2026/Q2/Week 15/Accessibility Reviews - Project Check-in (2026-04-09).md -> Work/2026/Q2/Week 15/Accessibility Reviews - Project Check-in (2026-04-09)/summary.md
2026-06-10 22:45:01,311 INFO [dry] summary: Work/2026/Q2/Week 15/Accessibility Reviews - Project Check-in (2026-04-10).md -> Work/2026/Q2/Week 15/Accessibility Reviews - Project Check-in (2026-04-10)/summary.md
2026-06-10 22:45:01,312 INFO [dry] summary: Work/2026/Q2/Week 16/Morgan - Anna 1-1 (2026-04-13).md -> Work/2026/Q2/Week 16/Morgan - Anna 1-1 (2026-04-13)/summary.md
2026-06-10 22:45:01,312 INFO [dry] summary: Work/2026/Q2/Week 16/Review Prioritisation Discussion (2026-04-14).md -> Work/2026/Q2/Week 16/Review Prioritisation Discussion (2026-04-14)/summary.md
2026-06-10 22:45:01,312 INFO [dry] summary: Work/2026/Q2/Week 16/Accessibility team meeting (2026-04-15).md -> Work/2026/Q2/Week 16/Accessibility team meeting (2026-04-15)/summary.md
2026-06-10 22:45:01,312 INFO [dry] summary: Work/2026/Q2/Week 16/Morgan - Natalie 1-1 (2026-04-15).md -> Work/2026/Q2/Week 16/Morgan - Natalie 1-1 (2026-04-15)/summary.md
2026-06-10 22:45:01,312 INFO [dry] summary: Work/2026/Q2/Week 16/Accessibility Reviews - Project Check-in (2026-04-16).md -> Work/2026/Q2/Week 16/Accessibility Reviews - Project Check-in (2026-04-16)/summary.md
2026-06-10 22:45:01,312 INFO [dry] summary: Work/2026/Q2/Week 16/Accessibility Reviews - Project Check-in (2026-04-17) (2).md -> Work/2026/Q2/Week 16/Accessibility Reviews - Project Check-in (2026-04-17) (2)/summary.md
2026-06-10 22:45:01,312 INFO [dry] summary: Work/2026/Q2/Week 17/Morgan - Anna 1-1 (2026-04-20).md -> Work/2026/Q2/Week 17/Morgan - Anna 1-1 (2026-04-20)/summary.md
2026-06-10 22:45:01,312 INFO [dry] summary: Work/2026/Q2/Week 17/Review Prioritisation Discussion (2026-04-21).md -> Work/2026/Q2/Week 17/Review Prioritisation Discussion (2026-04-21)/summary.md
2026-06-10 22:45:01,312 INFO [dry] summary: Work/2026/Q2/Week 17/Morgan - Frank 1-1 - Quarterly Check-in (2026-04-22).md -> Work/2026/Q2/Week 17/Morgan - Frank 1-1 - Quarterly Check-in (2026-04-22)/summary.md
2026-06-10 22:45:01,312 INFO [dry] summary: Work/2026/Q2/Week 17/Morgan - Natalie 1-1 (2026-04-22).md -> Work/2026/Q2/Week 17/Morgan - Natalie 1-1 (2026-04-22)/summary.md
2026-06-10 22:45:01,312 INFO [dry] summary: Work/2026/Q2/Week 17/UX + A11y Sync (2026-04-22).md -> Work/2026/Q2/Week 17/UX + A11y Sync (2026-04-22)/summary.md
2026-06-10 22:45:01,312 INFO [dry] summary: Work/2026/Q2/Week 17/Accessibility Reviews - Project Check-in (2026-04-23).md -> Work/2026/Q2/Week 17/Accessibility Reviews - Project Check-in (2026-04-23)/summary.md
2026-06-10 22:45:01,312 INFO [dry] summary: Work/2026/Q2/Week 17/Accessibility Reviews - Project Check-in (2026-04-24).md -> Work/2026/Q2/Week 17/Accessibility Reviews - Project Check-in (2026-04-24)/summary.md
2026-06-10 22:45:01,312 INFO [dry] summary: Work/2026/Q2/Week 18/Morgan - Anna 1-1 (2026-04-27).md -> Work/2026/Q2/Week 18/Morgan - Anna 1-1 (2026-04-27)/summary.md
2026-06-10 22:45:01,312 INFO [dry] summary: Work/2026/Q2/Week 18/Review Prioritisation Discussion (2026-04-28).md -> Work/2026/Q2/Week 18/Review Prioritisation Discussion (2026-04-28)/summary.md
2026-06-10 22:45:01,312 INFO [dry] summary: Work/2026/Q2/Week 18/Accessibility team meeting (2026-04-29).md -> Work/2026/Q2/Week 18/Accessibility team meeting (2026-04-29)/summary.md
2026-06-10 22:45:01,312 INFO [dry] summary: Work/2026/Q2/Week 18/Morgan - Frank hiring chat (2026-04-29).md -> Work/2026/Q2/Week 18/Morgan - Frank hiring chat (2026-04-29)/summary.md
2026-06-10 22:45:01,312 INFO [dry] summary: Work/2026/Q2/Week 18/Morgan - Natalie 1-1 (2026-04-29).md -> Work/2026/Q2/Week 18/Morgan - Natalie 1-1 (2026-04-29)/summary.md
2026-06-10 22:45:01,312 INFO [dry] summary: Work/2026/Q2/Week 18/Accessibility Reviews - Project Check-in (2026-04-30).md -> Work/2026/Q2/Week 18/Accessibility Reviews - Project Check-in (2026-04-30)/summary.md
2026-06-10 22:45:01,312 INFO [dry] summary: Work/2026/Q2/Week 18/Accessibility Reviews - Project Check-in (2026-05-01).md -> Work/2026/Q2/Week 18/Accessibility Reviews - Project Check-in (2026-05-01)/summary.md
2026-06-10 22:45:01,312 INFO [dry] summary: Work/2026/Q2/Week 19/Morgan - Anna 1-1 (2026-05-04).md -> Work/2026/Q2/Week 19/Morgan - Anna 1-1 (2026-05-04)/summary.md
2026-06-10 22:45:01,312 INFO [dry] summary: Work/2026/Q2/Week 19/General A11y Reviews Management (2026-05-05).md -> Work/2026/Q2/Week 19/General A11y Reviews Management (2026-05-05)/summary.md
2026-06-10 22:45:01,312 INFO [dry] summary: Work/2026/Q2/Week 19/Review Prioritisation Discussion (2026-05-05).md -> Work/2026/Q2/Week 19/Review Prioritisation Discussion (2026-05-05)/summary.md
2026-06-10 22:45:01,312 INFO [dry] summary: Work/2026/Q2/Week 19/Google Calendar Meeting (not synced) (2026-05-06).md -> Work/2026/Q2/Week 19/Google Calendar Meeting (not synced) (2026-05-06)/summary.md
2026-06-10 22:45:01,312 INFO [dry] summary: Work/2026/Q2/Week 19/Morgan - Natalie 1-1 (2026-05-06).md -> Work/2026/Q2/Week 19/Morgan - Natalie 1-1 (2026-05-06)/summary.md
2026-06-10 22:45:01,312 INFO [dry] summary: Work/2026/Q2/Week 19/Accessibility Reviews - Project Check-in (2026-05-07).md -> Work/2026/Q2/Week 19/Accessibility Reviews - Project Check-in (2026-05-07)/summary.md
2026-06-10 22:45:01,312 INFO [dry] summary: Work/2026/Q2/Week 19/Google Calendar Meeting (not synced) (2026-05-07).md -> Work/2026/Q2/Week 19/Google Calendar Meeting (not synced) (2026-05-07)/summary.md
2026-06-10 22:45:01,312 INFO [dry] summary: Work/2026/Q2/Week 19/Accessibility Reviews - Project Check-in (2026-05-08).md -> Work/2026/Q2/Week 19/Accessibility Reviews - Project Check-in (2026-05-08)/summary.md
2026-06-10 22:45:01,312 INFO [dry] summary: Work/2026/Q2/Week 20/Morgan - Anna 1-1 (2026-05-11).md -> Work/2026/Q2/Week 20/Morgan - Anna 1-1 (2026-05-11)/summary.md
2026-06-10 22:45:01,312 INFO [dry] summary: Work/2026/Q2/Week 20/Review Quality Assessment Strategising (2026-05-11).md -> Work/2026/Q2/Week 20/Review Quality Assessment Strategising (2026-05-11)/summary.md
2026-06-10 22:45:01,312 INFO [dry] summary: Work/2026/Q2/Week 20/a11y-ai review tools precheck (2026-05-11).md -> Work/2026/Q2/Week 20/a11y-ai review tools precheck (2026-05-11)/summary.md
2026-06-10 22:45:01,312 INFO [dry] summary: Work/2026/Q2/Week 20/Review Prioritisation Discussion (2026-05-12).md -> Work/2026/Q2/Week 20/Review Prioritisation Discussion (2026-05-12)/summary.md
2026-06-10 22:45:01,312 INFO [dry] summary: Work/2026/Q2/Week 20/Accessibility team meeting (2026-05-13).md -> Work/2026/Q2/Week 20/Accessibility team meeting (2026-05-13)/summary.md
2026-06-10 22:45:01,312 INFO [dry] summary: Work/2026/Q2/Week 20/Morgan - Natalie 1-1 (2026-05-13).md -> Work/2026/Q2/Week 20/Morgan - Natalie 1-1 (2026-05-13)/summary.md
2026-06-10 22:45:01,312 INFO [dry] summary: Work/2026/Q2/Week 20/UX + A11y Sync (2026-05-13).md -> Work/2026/Q2/Week 20/UX + A11y Sync (2026-05-13)/summary.md
2026-06-10 22:45:01,312 INFO [dry] summary: Work/2026/Q2/Week 20/Accessibility Reviews - Project Check-in (2026-05-14).md -> Work/2026/Q2/Week 20/Accessibility Reviews - Project Check-in (2026-05-14)/summary.md
2026-06-10 22:45:01,312 INFO [dry] summary: Work/2026/Q2/Week 21/Morgan - Anna 1-1 (2026-05-18).md -> Work/2026/Q2/Week 21/Morgan - Anna 1-1 (2026-05-18)/summary.md
2026-06-10 22:45:01,312 INFO [dry] summary: Work/2026/Q2/Week 21/Review Prioritisation Discussion (2026-05-19).md -> Work/2026/Q2/Week 21/Review Prioritisation Discussion (2026-05-19)/summary.md
2026-06-10 22:45:01,312 INFO [dry] summary: Work/2026/Q2/Week 21/Reviewer Contractor Discussion (2026-05-19).md -> Work/2026/Q2/Week 21/Reviewer Contractor Discussion (2026-05-19)/summary.md
2026-06-10 22:45:01,312 INFO [dry] summary: Work/2026/Q2/Week 21/Morgan - Kim phab review skill sync (2026-05-20).md -> Work/2026/Q2/Week 21/Morgan - Kim phab review skill sync (2026-05-20)/summary.md
2026-06-10 22:45:01,312 INFO [dry] summary: Work/2026/Q2/Week 21/Morgan - Natalie 1-1 (2026-05-20).md -> Work/2026/Q2/Week 21/Morgan - Natalie 1-1 (2026-05-20)/summary.md
2026-06-10 22:45:01,312 INFO [dry] summary: Work/2026/Q2/Week 21/Accessibility Reviews - Project Check-in (2026-05-21) (2).md -> Work/2026/Q2/Week 21/Accessibility Reviews - Project Check-in (2026-05-21) (2)/summary.md
2026-06-10 22:45:01,312 INFO [dry] summary: Work/2026/Q2/Week 22/Morgan - Anna 1-1 (2026-05-26).md -> Work/2026/Q2/Week 22/Morgan - Anna 1-1 (2026-05-26)/summary.md
2026-06-10 22:45:01,312 INFO [dry] summary: Work/2026/Q2/Week 22/Review Prioritisation Discussion (2026-05-26).md -> Work/2026/Q2/Week 22/Review Prioritisation Discussion (2026-05-26)/summary.md
2026-06-10 22:45:01,312 INFO [dry] summary: Work/2026/Q2/Week 22/Accessibility team meeting (2026-05-27).md -> Work/2026/Q2/Week 22/Accessibility team meeting (2026-05-27)/summary.md
2026-06-10 22:45:01,312 INFO [dry] summary: Work/2026/Q2/Week 22/Morgan - Natalie 1-1 (2026-05-27).md -> Work/2026/Q2/Week 22/Morgan - Natalie 1-1 (2026-05-27)/summary.md
2026-06-10 22:45:01,312 INFO [dry] summary: Work/2026/Q2/Week 22/Accessibility Reviews - Project Check-in (2026-05-28).md -> Work/2026/Q2/Week 22/Accessibility Reviews - Project Check-in (2026-05-28)/summary.md
2026-06-10 22:45:01,312 INFO [dry] summary: Work/2026/Q2/Week 22/Accessibility Reviews - Project Check-in (2026-05-29).md -> Work/2026/Q2/Week 22/Accessibility Reviews - Project Check-in (2026-05-29)/summary.md
2026-06-10 22:45:01,312 INFO [dry] summary: Work/2026/Q2/Week 23/Morgan - Anna 1-1 (2026-06-01).md -> Work/2026/Q2/Week 23/Morgan - Anna 1-1 (2026-06-01)/summary.md
2026-06-10 22:45:01,312 INFO [dry] summary: Work/2026/Q2/Week 23/Review Prioritisation Discussion (2026-06-02).md -> Work/2026/Q2/Week 23/Review Prioritisation Discussion (2026-06-02)/summary.md
2026-06-10 22:45:01,312 INFO [dry] summary: Work/2026/Q2/Week 23/[Check-in] Natalie Performance VI (2026-06-02).md -> Work/2026/Q2/Week 23/[Check-in] Natalie Performance VI (2026-06-02)/summary.md
2026-06-10 22:45:01,312 INFO [dry] summary: Work/2026/Q2/Week 23/Morgan - Natalie 1-1 (2026-06-03).md -> Work/2026/Q2/Week 23/Morgan - Natalie 1-1 (2026-06-03)/summary.md
2026-06-10 22:45:01,312 INFO [dry] summary: Work/2026/Q2/Week 23/UX + A11y Sync (2026-06-03).md -> Work/2026/Q2/Week 23/UX + A11y Sync (2026-06-03)/summary.md
2026-06-10 22:45:01,312 INFO [dry] summary: Work/2026/Q2/Week 23/Accessibility Reviews - Project Check-in (2026-06-04).md -> Work/2026/Q2/Week 23/Accessibility Reviews - Project Check-in (2026-06-04)/summary.md
2026-06-10 22:45:01,312 INFO [dry] summary: Work/2026/Q2/Week 24/Morgan (she-they)'s Personal Meeting Room (2026-06-08).md -> Work/2026/Q2/Week 24/Morgan (she-they)'s Personal Meeting Room (2026-06-08)/summary.md
2026-06-10 22:45:01,312 INFO [dry] summary: Work/2026/Q2/Week 24/Morgan - Anna 1-1 (2026-06-08) (2).md -> Work/2026/Q2/Week 24/Morgan - Anna 1-1 (2026-06-08) (2)/summary.md
2026-06-10 22:45:01,312 INFO [dry] summary: Work/2026/Q2/Week 24/morgan x morgan 1-1 (2026-06-08).md -> Work/2026/Q2/Week 24/morgan x morgan 1-1 (2026-06-08)/summary.md
2026-06-10 22:45:01,312 INFO [dry] summary: Work/2026/Q2/Week 24/Review Prioritisation Discussion (2026-06-09).md -> Work/2026/Q2/Week 24/Review Prioritisation Discussion (2026-06-09)/summary.md
2026-06-10 22:45:01,312 INFO [dry] summary: Work/2026/Q2/Week 24/[Hold] Review Reducting Strategy (2026-06-09).md -> Work/2026/Q2/Week 24/[Hold] Review Reducting Strategy (2026-06-09)/summary.md
2026-06-10 22:45:01,312 INFO [dry] summary: Work/2026/Q2/Week 24/Accessibility team meeting (2026-06-10).md -> Work/2026/Q2/Week 24/Accessibility team meeting (2026-06-10)/summary.md
2026-06-10 22:45:01,312 INFO [dry] summary: Work/2026/Q2/Week 24/Morgan - Natalie 1-1 (2026-06-10).md -> Work/2026/Q2/Week 24/Morgan - Natalie 1-1 (2026-06-10)/summary.md
2026-06-10 22:45:01,313 INFO [dry] transcript FETCH: a11y-ai review tools precheck [2026-05-11] -> Work/2026/Q2/Week 20/a11y-ai review tools precheck (2026-05-11)/transcript.md
2026-06-10 22:45:01,313 INFO [dry] transcript FETCH: Morgan / Frank 1:1 [2026-06-03] -> Work/2026/Q2/Week 23/Morgan - Frank 1-1 (2026-06-03)/transcript.md
2026-06-10 22:45:01,313 INFO [dry] transcript FETCH: Morgan / Natalie 1:1 [2026-06-03] -> Work/2026/Q2/Week 23/Morgan - Natalie 1-1 (2026-06-03)/transcript.md
2026-06-10 22:45:01,313 INFO [dry] transcript MOVE: Work/2026/Q2/Week 23/ux sync.md -> Work/2026/Q2/Week 23/UX + A11y Sync (2026-06-03)/transcript.md
2026-06-10 22:45:01,313 INFO [dry] transcript FETCH: Accessibility Reviews - Project Check-in [2026-06-04] -> Work/2026/Q2/Week 23/Accessibility Reviews - Project Check-in (2026-06-04)/transcript.md
2026-06-10 22:45:01,313 INFO [dry] transcript MOVE: Work/2026/Q2/Week 23/Morgan - Jamie 1-1.md -> Work/2026/Q2/Week 23/Morgan - Jamie 1-1 (2026-06-04)/transcript.md
2026-06-10 22:45:01,313 INFO [dry] transcript MOVE: Work/2026/Q2/Week 23/eitan 1x1.md -> Work/2026/Q2/Week 23/Morgan - Eitan (2026-06-04)/transcript.md
2026-06-10 22:45:01,313 INFO [dry] transcript MOVE: Work/2026/Q2/Week 24/Morgan  Anna 1-1.md -> Work/2026/Q2/Week 24/Morgan - Anna 1-1 (2026-06-08) (2)/transcript.md
2026-06-10 22:45:01,313 INFO [dry] transcript FETCH: morgan x morgan 1:1 [2026-06-08] -> Work/2026/Q2/Week 24/morgan x morgan 1-1 (2026-06-08)/transcript.md
2026-06-10 22:45:01,313 INFO [dry] transcript MOVE: Work/2026/Q2/Week 24/Review Prioritisation Discussion.md -> Work/2026/Q2/Week 24/Review Prioritisation Discussion (2026-06-09)/transcript.md
2026-06-10 22:45:01,313 INFO [dry] transcript FETCH: [Hold] Review Reducting Strategy [2026-06-09] -> Work/2026/Q2/Week 24/[Hold] Review Reducting Strategy (2026-06-09)/transcript.md
2026-06-10 22:45:01,313 INFO [dry] transcript MOVE: Work/2026/Q2/Week 24/Accessibility team meeting.md -> Work/2026/Q2/Week 24/Accessibility team meeting (2026-06-10)/transcript.md
2026-06-10 22:45:01,313 INFO [dry] transcript MOVE: Work/2026/Q2/Week 24/Morgan  Natalie 1-1.md -> Work/2026/Q2/Week 24/Morgan - Natalie 1-1 (2026-06-10)/transcript.md
2026-06-10 22:47:03,885 INFO 128 summary files, 7 cron transcript files on disk
2026-06-10 22:47:15,641 INFO 136 meetings with summary and/or transcript
2026-06-10 22:47:15,712 INFO [dry] summary: Work/2026/Q1/Week 2/Morgan - Anna 1-1 (2026-01-07).md -> Work/2026/Q1/Week 2/Morgan - Anna 1-1 (2026-01-07)/summary.md
2026-06-10 22:47:15,712 INFO [dry] summary: Work/2026/Q1/Week 2/UX + A11y Sync (2026-01-07).md -> Work/2026/Q1/Week 2/UX + A11y Sync (2026-01-07)/summary.md
2026-06-10 22:47:15,712 INFO [dry] summary: Work/2026/Q1/Week 2/Accessibility Reviews - Project Check-in (2026-01-08).md -> Work/2026/Q1/Week 2/Accessibility Reviews - Project Check-in (2026-01-08)/summary.md
2026-06-10 22:47:15,712 INFO [dry] summary: Work/2026/Q1/Week 2/Accessibility Reviews - Project Check-in (2026-01-09).md -> Work/2026/Q1/Week 2/Accessibility Reviews - Project Check-in (2026-01-09)/summary.md
2026-06-10 22:47:15,712 INFO [dry] summary: Work/2026/Q1/Week 3/Anna's Career Discussion (2026-01-13).md -> Work/2026/Q1/Week 3/Anna's Career Discussion (2026-01-13)/summary.md
2026-06-10 22:47:15,712 INFO [dry] summary: Work/2026/Q1/Week 3/Accessibility Reviews - Project Check-in (2026-01-15).md -> Work/2026/Q1/Week 3/Accessibility Reviews - Project Check-in (2026-01-15)/summary.md
2026-06-10 22:47:15,713 INFO [dry] summary: Work/2026/Q1/Week 3/Accessibility Reviews - Project Check-in (2026-01-16).md -> Work/2026/Q1/Week 3/Accessibility Reviews - Project Check-in (2026-01-16)/summary.md
2026-06-10 22:47:15,713 INFO [dry] summary: Work/2026/Q1/Week 4/Accessibility team meeting (2026-01-21).md -> Work/2026/Q1/Week 4/Accessibility team meeting (2026-01-21)/summary.md
2026-06-10 22:47:15,713 INFO [dry] summary: Work/2026/Q1/Week 4/Morgan - Anna 1-1 (2026-01-21).md -> Work/2026/Q1/Week 4/Morgan - Anna 1-1 (2026-01-21)/summary.md
2026-06-10 22:47:15,713 INFO [dry] summary: Work/2026/Q1/Week 4/Accessibility Reviews - Project Check-in (2026-01-22).md -> Work/2026/Q1/Week 4/Accessibility Reviews - Project Check-in (2026-01-22)/summary.md
2026-06-10 22:47:15,713 INFO [dry] summary: Work/2026/Q1/Week 4/Accessibility Reviews - Project Check-in (2026-01-23) (2).md -> Work/2026/Q1/Week 4/Accessibility Reviews - Project Check-in (2026-01-23) (2)/summary.md
2026-06-10 22:47:15,713 INFO [dry] summary: Work/2026/Q1/Week 4/Accessibility Reviews - Project Check-in (2026-01-23).md -> Work/2026/Q1/Week 4/Accessibility Reviews - Project Check-in (2026-01-23)/summary.md
2026-06-10 22:47:15,713 INFO [dry] summary: Work/2026/Q1/Week 5/Google Calendar Meeting (not synced) (2026-01-27).md -> Work/2026/Q1/Week 5/Google Calendar Meeting (not synced) (2026-01-27)/summary.md
2026-06-10 22:47:15,713 INFO [dry] summary: Work/2026/Q1/Week 5/UX + A11y Sync (2026-01-28).md -> Work/2026/Q1/Week 5/UX + A11y Sync (2026-01-28)/summary.md
2026-06-10 22:47:15,713 INFO [dry] summary: Work/2026/Q1/Week 5/Accessibility Reviews - Project Check-in (2026-01-29).md -> Work/2026/Q1/Week 5/Accessibility Reviews - Project Check-in (2026-01-29)/summary.md
2026-06-10 22:47:15,713 INFO [dry] summary: Work/2026/Q1/Week 5/Morgan - Natalie 1-1 (extended version) (2026-01-29).md -> Work/2026/Q1/Week 5/Morgan - Natalie 1-1 (extended version) (2026-01-29)/summary.md
2026-06-10 22:47:15,713 INFO [dry] summary: Work/2026/Q1/Week 5/Accessibility Reviews - Project Check-in (2026-01-30).md -> Work/2026/Q1/Week 5/Accessibility Reviews - Project Check-in (2026-01-30)/summary.md
2026-06-10 22:47:15,713 INFO [dry] summary: Work/2026/Q1/Week 5/Morgan - Anna work week check in (2026-01-30).md -> Work/2026/Q1/Week 5/Morgan - Anna work week check in (2026-01-30)/summary.md
2026-06-10 22:47:15,713 INFO [dry] summary: Work/2026/Q1/Week 6/Accessibility team meeting (2026-02-04).md -> Work/2026/Q1/Week 6/Accessibility team meeting (2026-02-04)/summary.md
2026-06-10 22:47:15,713 INFO [dry] summary: Work/2026/Q1/Week 7/2026 H2 - A11y Contractor Discussion (2026-02-10).md -> Work/2026/Q1/Week 7/2026 H2 - A11y Contractor Discussion (2026-02-10)/summary.md
2026-06-10 22:47:15,713 INFO [dry] summary: Work/2026/Q1/Week 7/Accessibility Reviews - Project Check-in (2026-02-12).md -> Work/2026/Q1/Week 7/Accessibility Reviews - Project Check-in (2026-02-12)/summary.md
2026-06-10 22:47:15,713 INFO [dry] summary: Work/2026/Q1/Week 7/Accessibility Reviews - Project Check-in (2026-02-13).md -> Work/2026/Q1/Week 7/Accessibility Reviews - Project Check-in (2026-02-13)/summary.md
2026-06-10 22:47:15,713 INFO [dry] summary: Work/2026/Q1/Week 8/Accessibility team meeting (2026-02-18).md -> Work/2026/Q1/Week 8/Accessibility team meeting (2026-02-18)/summary.md
2026-06-10 22:47:15,713 INFO [dry] summary: Work/2026/Q1/Week 8/Morgan - Anna 1-1 (2026-02-18).md -> Work/2026/Q1/Week 8/Morgan - Anna 1-1 (2026-02-18)/summary.md
2026-06-10 22:47:15,713 INFO [dry] summary: Work/2026/Q1/Week 8/Morgan - Natalie 1-1 (2026-02-18).md -> Work/2026/Q1/Week 8/Morgan - Natalie 1-1 (2026-02-18)/summary.md
2026-06-10 22:47:15,713 INFO [dry] summary: Work/2026/Q1/Week 8/UX + A11y Sync (2026-02-18).md -> Work/2026/Q1/Week 8/UX + A11y Sync (2026-02-18)/summary.md
2026-06-10 22:47:15,713 INFO [dry] summary: Work/2026/Q1/Week 8/[Check-in] Natalie Performance III (2026-02-18).md -> Work/2026/Q1/Week 8/[Check-in] Natalie Performance III (2026-02-18)/summary.md
2026-06-10 22:47:15,713 INFO [dry] summary: Work/2026/Q1/Week 8/Accessibility Reviews - Project Check-in (2026-02-19).md -> Work/2026/Q1/Week 8/Accessibility Reviews - Project Check-in (2026-02-19)/summary.md
2026-06-10 22:47:15,713 INFO [dry] summary: Work/2026/Q1/Week 8/Accessibility Reviews - Project Check-in (2026-02-20).md -> Work/2026/Q1/Week 8/Accessibility Reviews - Project Check-in (2026-02-20)/summary.md
2026-06-10 22:47:15,713 INFO [dry] summary: Work/2026/Q1/Week 9/Review Prioritisation Discussion (2026-02-24).md -> Work/2026/Q1/Week 9/Review Prioritisation Discussion (2026-02-24)/summary.md
2026-06-10 22:47:15,713 INFO [dry] summary: Work/2026/Q1/Week 9/Morgan - Natalie 1-1 (2026-02-25).md -> Work/2026/Q1/Week 9/Morgan - Natalie 1-1 (2026-02-25)/summary.md
2026-06-10 22:47:15,713 INFO [dry] summary: Work/2026/Q1/Week 9/[Check-in] Natalie Performance III, pt.2 (2026-02-25).md -> Work/2026/Q1/Week 9/[Check-in] Natalie Performance III, pt.2 (2026-02-25)/summary.md
2026-06-10 22:47:15,713 INFO [dry] summary: Work/2026/Q1/Week 9/Accessibility Reviews - Project Check-in (2026-02-26).md -> Work/2026/Q1/Week 9/Accessibility Reviews - Project Check-in (2026-02-26)/summary.md
2026-06-10 22:47:15,713 INFO [dry] summary: Work/2026/Q1/Week 9/Accessibility Reviews - Project Check-in (2026-02-27).md -> Work/2026/Q1/Week 9/Accessibility Reviews - Project Check-in (2026-02-27)/summary.md
2026-06-10 22:47:15,713 INFO [dry] summary: Work/2026/Q1/Week 10/Morgan - Anna 1-1 (2026-03-02).md -> Work/2026/Q1/Week 10/Morgan - Anna 1-1 (2026-03-02)/summary.md
2026-06-10 22:47:15,713 INFO [dry] summary: Work/2026/Q1/Week 10/Review Prioritisation Discussion (2026-03-03).md -> Work/2026/Q1/Week 10/Review Prioritisation Discussion (2026-03-03)/summary.md
2026-06-10 22:47:15,713 INFO [dry] summary: Work/2026/Q1/Week 10/Accessibility team meeting (2026-03-04).md -> Work/2026/Q1/Week 10/Accessibility team meeting (2026-03-04)/summary.md
2026-06-10 22:47:15,713 INFO [dry] summary: Work/2026/Q1/Week 10/Morgan - Natalie 1-1 (2026-03-04).md -> Work/2026/Q1/Week 10/Morgan - Natalie 1-1 (2026-03-04)/summary.md
2026-06-10 22:47:15,713 INFO [dry] summary: Work/2026/Q1/Week 10/Accessibility Reviews - Project Check-in (2026-03-05).md -> Work/2026/Q1/Week 10/Accessibility Reviews - Project Check-in (2026-03-05)/summary.md
2026-06-10 22:47:15,713 INFO [dry] summary: Work/2026/Q1/Week 11/Morgan - Anna 1-1 (2026-03-09).md -> Work/2026/Q1/Week 11/Morgan - Anna 1-1 (2026-03-09)/summary.md
2026-06-10 22:47:15,713 INFO [dry] summary: Work/2026/Q1/Week 11/Review Prioritisation Discussion (2026-03-10).md -> Work/2026/Q1/Week 11/Review Prioritisation Discussion (2026-03-10)/summary.md
2026-06-10 22:47:15,713 INFO [dry] summary: Work/2026/Q1/Week 11/A11y bugs dashboard discussion (2026-03-11).md -> Work/2026/Q1/Week 11/A11y bugs dashboard discussion (2026-03-11)/summary.md
2026-06-10 22:47:15,713 INFO [dry] summary: Work/2026/Q1/Week 11/Morgan - Natalie 1-1 (2026-03-11).md -> Work/2026/Q1/Week 11/Morgan - Natalie 1-1 (2026-03-11)/summary.md
2026-06-10 22:47:15,713 INFO [dry] summary: Work/2026/Q1/Week 11/UX + A11y Sync (2026-03-11).md -> Work/2026/Q1/Week 11/UX + A11y Sync (2026-03-11)/summary.md
2026-06-10 22:47:15,713 INFO [dry] summary: Work/2026/Q1/Week 11/Accessibility Reviews - Project Check-in (2026-03-12).md -> Work/2026/Q1/Week 11/Accessibility Reviews - Project Check-in (2026-03-12)/summary.md
2026-06-10 22:47:15,713 INFO [dry] summary: Work/2026/Q1/Week 11/Accessibility Reviews - Project Check-in (2026-03-13) (2).md -> Work/2026/Q1/Week 11/Accessibility Reviews - Project Check-in (2026-03-13) (2)/summary.md
2026-06-10 22:47:15,713 INFO [dry] summary: Work/2026/Q1/Week 12/Morgan - Anna 1-1 (2026-03-16).md -> Work/2026/Q1/Week 12/Morgan - Anna 1-1 (2026-03-16)/summary.md
2026-06-10 22:47:15,713 INFO [dry] summary: Work/2026/Q1/Week 12/Accessibility team meeting (2026-03-17).md -> Work/2026/Q1/Week 12/Accessibility team meeting (2026-03-17)/summary.md
2026-06-10 22:47:15,713 INFO [dry] summary: Work/2026/Q1/Week 12/Review Prioritisation Discussion (2026-03-17).md -> Work/2026/Q1/Week 12/Review Prioritisation Discussion (2026-03-17)/summary.md
2026-06-10 22:47:15,713 INFO [dry] summary: Work/2026/Q1/Week 12/Accessibility team meeting (2026-03-18).md -> Work/2026/Q1/Week 12/Accessibility team meeting (2026-03-18)/summary.md
2026-06-10 22:47:15,713 INFO [dry] summary: Work/2026/Q1/Week 12/Morgan - Natalie 1-1 (2026-03-18).md -> Work/2026/Q1/Week 12/Morgan - Natalie 1-1 (2026-03-18)/summary.md
2026-06-10 22:47:15,713 INFO [dry] summary: Work/2026/Q1/Week 12/Accessibility Reviews - Project Check-in (2026-03-19).md -> Work/2026/Q1/Week 12/Accessibility Reviews - Project Check-in (2026-03-19)/summary.md
2026-06-10 22:47:15,713 INFO [dry] summary: Work/2026/Q1/Week 12/Accessibility Reviews - Project Check-in (2026-03-20).md -> Work/2026/Q1/Week 12/Accessibility Reviews - Project Check-in (2026-03-20)/summary.md
2026-06-10 22:47:15,713 INFO [dry] summary: Work/2026/Q1/Week 13/Morgan - Anna 1-1 (2026-03-23).md -> Work/2026/Q1/Week 13/Morgan - Anna 1-1 (2026-03-23)/summary.md
2026-06-10 22:47:15,713 INFO [dry] summary: Work/2026/Q1/Week 13/Review Prioritisation Discussion (2026-03-24).md -> Work/2026/Q1/Week 13/Review Prioritisation Discussion (2026-03-24)/summary.md
2026-06-10 22:47:15,713 INFO [dry] summary: Work/2026/Q1/Week 13/[Check-in] Natalie Performance IV (2026-03-24).md -> Work/2026/Q1/Week 13/[Check-in] Natalie Performance IV (2026-03-24)/summary.md
2026-06-10 22:47:15,713 INFO [dry] summary: Work/2026/Q1/Week 13/Morgan - Natalie 1-1 (2026-03-25).md -> Work/2026/Q1/Week 13/Morgan - Natalie 1-1 (2026-03-25)/summary.md
2026-06-10 22:47:15,713 INFO [dry] summary: Work/2026/Q1/Week 13/Accessibility Reviews - Project Check-in (2026-03-26).md -> Work/2026/Q1/Week 13/Accessibility Reviews - Project Check-in (2026-03-26)/summary.md
2026-06-10 22:47:15,713 INFO [dry] summary: Work/2026/Q1/Week 13/Accessibility Reviews - Project Check-in (2026-03-27).md -> Work/2026/Q1/Week 13/Accessibility Reviews - Project Check-in (2026-03-27)/summary.md
2026-06-10 22:47:15,713 INFO [dry] summary: Work/2026/Q1/Week 14/Review Prioritisation Discussion (2026-03-31).md -> Work/2026/Q1/Week 14/Review Prioritisation Discussion (2026-03-31)/summary.md
2026-06-10 22:47:15,713 INFO [dry] summary: Work/2026/Q1/Week 14/Accessibility team meeting (2026-04-01).md -> Work/2026/Q1/Week 14/Accessibility team meeting (2026-04-01)/summary.md
2026-06-10 22:47:15,713 INFO [dry] summary: Work/2026/Q1/Week 14/UX + A11y Sync (2026-04-01).md -> Work/2026/Q1/Week 14/UX + A11y Sync (2026-04-01)/summary.md
2026-06-10 22:47:15,713 INFO [dry] summary: Work/2026/Q1/Week 14/Morgan - Natalie 1-1 (2026-04-03).md -> Work/2026/Q1/Week 14/Morgan - Natalie 1-1 (2026-04-03)/summary.md
2026-06-10 22:47:15,713 INFO [dry] summary: Work/2026/Q2/Week 15/Review Prioritisation Discussion (2026-04-07).md -> Work/2026/Q2/Week 15/Review Prioritisation Discussion (2026-04-07)/summary.md
2026-06-10 22:47:15,713 INFO [dry] summary: Work/2026/Q2/Week 15/Accessibility Reviews - Project Check-in (2026-04-09).md -> Work/2026/Q2/Week 15/Accessibility Reviews - Project Check-in (2026-04-09)/summary.md
2026-06-10 22:47:15,713 INFO [dry] summary: Work/2026/Q2/Week 15/Accessibility Reviews - Project Check-in (2026-04-10).md -> Work/2026/Q2/Week 15/Accessibility Reviews - Project Check-in (2026-04-10)/summary.md
2026-06-10 22:47:15,713 INFO [dry] summary: Work/2026/Q2/Week 16/Morgan - Anna 1-1 (2026-04-13).md -> Work/2026/Q2/Week 16/Morgan - Anna 1-1 (2026-04-13)/summary.md
2026-06-10 22:47:15,713 INFO [dry] summary: Work/2026/Q2/Week 16/Review Prioritisation Discussion (2026-04-14).md -> Work/2026/Q2/Week 16/Review Prioritisation Discussion (2026-04-14)/summary.md
2026-06-10 22:47:15,713 INFO [dry] summary: Work/2026/Q2/Week 16/Accessibility team meeting (2026-04-15).md -> Work/2026/Q2/Week 16/Accessibility team meeting (2026-04-15)/summary.md
2026-06-10 22:47:15,714 INFO [dry] summary: Work/2026/Q2/Week 16/Morgan - Natalie 1-1 (2026-04-15).md -> Work/2026/Q2/Week 16/Morgan - Natalie 1-1 (2026-04-15)/summary.md
2026-06-10 22:47:15,714 INFO [dry] summary: Work/2026/Q2/Week 16/Accessibility Reviews - Project Check-in (2026-04-16).md -> Work/2026/Q2/Week 16/Accessibility Reviews - Project Check-in (2026-04-16)/summary.md
2026-06-10 22:47:15,714 INFO [dry] summary: Work/2026/Q2/Week 16/Accessibility Reviews - Project Check-in (2026-04-17) (2).md -> Work/2026/Q2/Week 16/Accessibility Reviews - Project Check-in (2026-04-17) (2)/summary.md
2026-06-10 22:47:15,714 INFO [dry] summary: Work/2026/Q2/Week 17/Morgan - Anna 1-1 (2026-04-20).md -> Work/2026/Q2/Week 17/Morgan - Anna 1-1 (2026-04-20)/summary.md
2026-06-10 22:47:15,714 INFO [dry] summary: Work/2026/Q2/Week 17/Review Prioritisation Discussion (2026-04-21).md -> Work/2026/Q2/Week 17/Review Prioritisation Discussion (2026-04-21)/summary.md
2026-06-10 22:47:15,714 INFO [dry] summary: Work/2026/Q2/Week 17/Morgan - Frank 1-1 - Quarterly Check-in (2026-04-22).md -> Work/2026/Q2/Week 17/Morgan - Frank 1-1 - Quarterly Check-in (2026-04-22)/summary.md
2026-06-10 22:47:15,714 INFO [dry] summary: Work/2026/Q2/Week 17/Morgan - Natalie 1-1 (2026-04-22).md -> Work/2026/Q2/Week 17/Morgan - Natalie 1-1 (2026-04-22)/summary.md
2026-06-10 22:47:15,714 INFO [dry] summary: Work/2026/Q2/Week 17/UX + A11y Sync (2026-04-22).md -> Work/2026/Q2/Week 17/UX + A11y Sync (2026-04-22)/summary.md
2026-06-10 22:47:15,714 INFO [dry] summary: Work/2026/Q2/Week 17/Accessibility Reviews - Project Check-in (2026-04-23).md -> Work/2026/Q2/Week 17/Accessibility Reviews - Project Check-in (2026-04-23)/summary.md
2026-06-10 22:47:15,714 INFO [dry] summary: Work/2026/Q2/Week 17/Accessibility Reviews - Project Check-in (2026-04-24).md -> Work/2026/Q2/Week 17/Accessibility Reviews - Project Check-in (2026-04-24)/summary.md
2026-06-10 22:47:15,714 INFO [dry] summary: Work/2026/Q2/Week 18/Morgan - Anna 1-1 (2026-04-27).md -> Work/2026/Q2/Week 18/Morgan - Anna 1-1 (2026-04-27)/summary.md
2026-06-10 22:47:15,714 INFO [dry] summary: Work/2026/Q2/Week 18/Review Prioritisation Discussion (2026-04-28).md -> Work/2026/Q2/Week 18/Review Prioritisation Discussion (2026-04-28)/summary.md
2026-06-10 22:47:15,714 INFO [dry] summary: Work/2026/Q2/Week 18/Accessibility team meeting (2026-04-29).md -> Work/2026/Q2/Week 18/Accessibility team meeting (2026-04-29)/summary.md
2026-06-10 22:47:15,714 INFO [dry] summary: Work/2026/Q2/Week 18/Morgan - Frank hiring chat (2026-04-29).md -> Work/2026/Q2/Week 18/Morgan - Frank hiring chat (2026-04-29)/summary.md
2026-06-10 22:47:15,714 INFO [dry] summary: Work/2026/Q2/Week 18/Morgan - Natalie 1-1 (2026-04-29).md -> Work/2026/Q2/Week 18/Morgan - Natalie 1-1 (2026-04-29)/summary.md
2026-06-10 22:47:15,714 INFO [dry] summary: Work/2026/Q2/Week 18/Accessibility Reviews - Project Check-in (2026-04-30).md -> Work/2026/Q2/Week 18/Accessibility Reviews - Project Check-in (2026-04-30)/summary.md
2026-06-10 22:47:15,714 INFO [dry] summary: Work/2026/Q2/Week 18/Accessibility Reviews - Project Check-in (2026-05-01).md -> Work/2026/Q2/Week 18/Accessibility Reviews - Project Check-in (2026-05-01)/summary.md
2026-06-10 22:47:15,714 INFO [dry] summary: Work/2026/Q2/Week 19/Morgan - Anna 1-1 (2026-05-04).md -> Work/2026/Q2/Week 19/Morgan - Anna 1-1 (2026-05-04)/summary.md
2026-06-10 22:47:15,714 INFO [dry] summary: Work/2026/Q2/Week 19/General A11y Reviews Management (2026-05-05).md -> Work/2026/Q2/Week 19/General A11y Reviews Management (2026-05-05)/summary.md
2026-06-10 22:47:15,714 INFO [dry] summary: Work/2026/Q2/Week 19/Review Prioritisation Discussion (2026-05-05).md -> Work/2026/Q2/Week 19/Review Prioritisation Discussion (2026-05-05)/summary.md
2026-06-10 22:47:15,714 INFO [dry] summary: Work/2026/Q2/Week 19/Google Calendar Meeting (not synced) (2026-05-06).md -> Work/2026/Q2/Week 19/Google Calendar Meeting (not synced) (2026-05-06)/summary.md
2026-06-10 22:47:15,714 INFO [dry] summary: Work/2026/Q2/Week 19/Morgan - Natalie 1-1 (2026-05-06).md -> Work/2026/Q2/Week 19/Morgan - Natalie 1-1 (2026-05-06)/summary.md
2026-06-10 22:47:15,714 INFO [dry] summary: Work/2026/Q2/Week 19/Accessibility Reviews - Project Check-in (2026-05-07).md -> Work/2026/Q2/Week 19/Accessibility Reviews - Project Check-in (2026-05-07)/summary.md
2026-06-10 22:47:15,714 INFO [dry] summary: Work/2026/Q2/Week 19/Google Calendar Meeting (not synced) (2026-05-07).md -> Work/2026/Q2/Week 19/Google Calendar Meeting (not synced) (2026-05-07)/summary.md
2026-06-10 22:47:15,714 INFO [dry] summary: Work/2026/Q2/Week 19/Accessibility Reviews - Project Check-in (2026-05-08).md -> Work/2026/Q2/Week 19/Accessibility Reviews - Project Check-in (2026-05-08)/summary.md
2026-06-10 22:47:15,714 INFO [dry] summary: Work/2026/Q2/Week 20/Morgan - Anna 1-1 (2026-05-11).md -> Work/2026/Q2/Week 20/Morgan - Anna 1-1 (2026-05-11)/summary.md
2026-06-10 22:47:15,714 INFO [dry] summary: Work/2026/Q2/Week 20/Review Quality Assessment Strategising (2026-05-11).md -> Work/2026/Q2/Week 20/Review Quality Assessment Strategising (2026-05-11)/summary.md
2026-06-10 22:47:15,714 INFO [dry] summary: Work/2026/Q2/Week 20/a11y-ai review tools precheck (2026-05-11).md -> Work/2026/Q2/Week 20/a11y-ai review tools precheck (2026-05-11)/summary.md
2026-06-10 22:47:15,714 INFO [dry] summary: Work/2026/Q2/Week 20/Review Prioritisation Discussion (2026-05-12).md -> Work/2026/Q2/Week 20/Review Prioritisation Discussion (2026-05-12)/summary.md
2026-06-10 22:47:15,714 INFO [dry] summary: Work/2026/Q2/Week 20/Accessibility team meeting (2026-05-13).md -> Work/2026/Q2/Week 20/Accessibility team meeting (2026-05-13)/summary.md
2026-06-10 22:47:15,714 INFO [dry] summary: Work/2026/Q2/Week 20/Morgan - Natalie 1-1 (2026-05-13).md -> Work/2026/Q2/Week 20/Morgan - Natalie 1-1 (2026-05-13)/summary.md
2026-06-10 22:47:15,714 INFO [dry] summary: Work/2026/Q2/Week 20/UX + A11y Sync (2026-05-13).md -> Work/2026/Q2/Week 20/UX + A11y Sync (2026-05-13)/summary.md
2026-06-10 22:47:15,714 INFO [dry] summary: Work/2026/Q2/Week 20/Accessibility Reviews - Project Check-in (2026-05-14).md -> Work/2026/Q2/Week 20/Accessibility Reviews - Project Check-in (2026-05-14)/summary.md
2026-06-10 22:47:15,714 INFO [dry] summary: Work/2026/Q2/Week 21/Morgan - Anna 1-1 (2026-05-18).md -> Work/2026/Q2/Week 21/Morgan - Anna 1-1 (2026-05-18)/summary.md
2026-06-10 22:47:15,714 INFO [dry] summary: Work/2026/Q2/Week 21/Review Prioritisation Discussion (2026-05-19).md -> Work/2026/Q2/Week 21/Review Prioritisation Discussion (2026-05-19)/summary.md
2026-06-10 22:47:15,714 INFO [dry] summary: Work/2026/Q2/Week 21/Reviewer Contractor Discussion (2026-05-19).md -> Work/2026/Q2/Week 21/Reviewer Contractor Discussion (2026-05-19)/summary.md
2026-06-10 22:47:15,714 INFO [dry] summary: Work/2026/Q2/Week 21/Morgan - Kim phab review skill sync (2026-05-20).md -> Work/2026/Q2/Week 21/Morgan - Kim phab review skill sync (2026-05-20)/summary.md
2026-06-10 22:47:15,714 INFO [dry] summary: Work/2026/Q2/Week 21/Morgan - Natalie 1-1 (2026-05-20).md -> Work/2026/Q2/Week 21/Morgan - Natalie 1-1 (2026-05-20)/summary.md
2026-06-10 22:47:15,714 INFO [dry] summary: Work/2026/Q2/Week 21/Accessibility Reviews - Project Check-in (2026-05-21) (2).md -> Work/2026/Q2/Week 21/Accessibility Reviews - Project Check-in (2026-05-21) (2)/summary.md
2026-06-10 22:47:15,714 INFO [dry] summary: Work/2026/Q2/Week 22/Morgan - Anna 1-1 (2026-05-26).md -> Work/2026/Q2/Week 22/Morgan - Anna 1-1 (2026-05-26)/summary.md
2026-06-10 22:47:15,714 INFO [dry] summary: Work/2026/Q2/Week 22/Review Prioritisation Discussion (2026-05-26).md -> Work/2026/Q2/Week 22/Review Prioritisation Discussion (2026-05-26)/summary.md
2026-06-10 22:47:15,714 INFO [dry] summary: Work/2026/Q2/Week 22/Accessibility team meeting (2026-05-27).md -> Work/2026/Q2/Week 22/Accessibility team meeting (2026-05-27)/summary.md
2026-06-10 22:47:15,714 INFO [dry] summary: Work/2026/Q2/Week 22/Morgan - Natalie 1-1 (2026-05-27).md -> Work/2026/Q2/Week 22/Morgan - Natalie 1-1 (2026-05-27)/summary.md
2026-06-10 22:47:15,714 INFO [dry] summary: Work/2026/Q2/Week 22/Accessibility Reviews - Project Check-in (2026-05-28).md -> Work/2026/Q2/Week 22/Accessibility Reviews - Project Check-in (2026-05-28)/summary.md
2026-06-10 22:47:15,714 INFO [dry] summary: Work/2026/Q2/Week 22/Accessibility Reviews - Project Check-in (2026-05-29).md -> Work/2026/Q2/Week 22/Accessibility Reviews - Project Check-in (2026-05-29)/summary.md
2026-06-10 22:47:15,714 INFO [dry] summary: Work/2026/Q2/Week 23/Morgan - Anna 1-1 (2026-06-01).md -> Work/2026/Q2/Week 23/Morgan - Anna 1-1 (2026-06-01)/summary.md
2026-06-10 22:47:15,714 INFO [dry] summary: Work/2026/Q2/Week 23/Review Prioritisation Discussion (2026-06-02).md -> Work/2026/Q2/Week 23/Review Prioritisation Discussion (2026-06-02)/summary.md
2026-06-10 22:47:15,714 INFO [dry] summary: Work/2026/Q2/Week 23/[Check-in] Natalie Performance VI (2026-06-02).md -> Work/2026/Q2/Week 23/[Check-in] Natalie Performance VI (2026-06-02)/summary.md
2026-06-10 22:47:15,714 INFO [dry] summary: Work/2026/Q2/Week 23/Morgan - Natalie 1-1 (2026-06-03).md -> Work/2026/Q2/Week 23/Morgan - Natalie 1-1 (2026-06-03)/summary.md
2026-06-10 22:47:15,714 INFO [dry] summary: Work/2026/Q2/Week 23/UX + A11y Sync (2026-06-03).md -> Work/2026/Q2/Week 23/UX + A11y Sync (2026-06-03)/summary.md
2026-06-10 22:47:15,714 INFO [dry] summary: Work/2026/Q2/Week 23/Accessibility Reviews - Project Check-in (2026-06-04).md -> Work/2026/Q2/Week 23/Accessibility Reviews - Project Check-in (2026-06-04)/summary.md
2026-06-10 22:47:15,714 INFO [dry] summary: Work/2026/Q2/Week 24/Morgan (she-they)'s Personal Meeting Room (2026-06-08).md -> Work/2026/Q2/Week 24/Morgan (she-they)'s Personal Meeting Room (2026-06-08)/summary.md
2026-06-10 22:47:15,714 INFO [dry] summary: Work/2026/Q2/Week 24/Morgan - Anna 1-1 (2026-06-08) (2).md -> Work/2026/Q2/Week 24/Morgan - Anna 1-1 (2026-06-08) (2)/summary.md
2026-06-10 22:47:15,714 INFO [dry] summary: Work/2026/Q2/Week 24/morgan x morgan 1-1 (2026-06-08).md -> Work/2026/Q2/Week 24/morgan x morgan 1-1 (2026-06-08)/summary.md
2026-06-10 22:47:15,714 INFO [dry] summary: Work/2026/Q2/Week 24/Review Prioritisation Discussion (2026-06-09).md -> Work/2026/Q2/Week 24/Review Prioritisation Discussion (2026-06-09)/summary.md
2026-06-10 22:47:15,714 INFO [dry] summary: Work/2026/Q2/Week 24/[Hold] Review Reducting Strategy (2026-06-09).md -> Work/2026/Q2/Week 24/[Hold] Review Reducting Strategy (2026-06-09)/summary.md
2026-06-10 22:47:15,714 INFO [dry] summary: Work/2026/Q2/Week 24/Accessibility team meeting (2026-06-10).md -> Work/2026/Q2/Week 24/Accessibility team meeting (2026-06-10)/summary.md
2026-06-10 22:47:15,714 INFO [dry] summary: Work/2026/Q2/Week 24/Morgan - Natalie 1-1 (2026-06-10).md -> Work/2026/Q2/Week 24/Morgan - Natalie 1-1 (2026-06-10)/summary.md
2026-06-10 22:47:15,714 INFO [dry] transcript FETCH: a11y-ai review tools precheck [2026-05-11] -> Work/2026/Q2/Week 20/a11y-ai review tools precheck (2026-05-11)/transcript.md
2026-06-10 22:47:15,714 INFO [dry] transcript FETCH: Morgan / Frank 1:1 [2026-06-03] -> Work/2026/Q2/Week 23/Morgan - Frank 1-1 (2026-06-03)/transcript.md
2026-06-10 22:47:15,714 INFO [dry] transcript FETCH: Morgan / Natalie 1:1 [2026-06-03] -> Work/2026/Q2/Week 23/Morgan - Natalie 1-1 (2026-06-03)/transcript.md
2026-06-10 22:47:15,714 INFO [dry] transcript MOVE: Work/2026/Q2/Week 23/ux sync.md -> Work/2026/Q2/Week 23/UX + A11y Sync (2026-06-03)/transcript.md
2026-06-10 22:47:15,715 INFO [dry] transcript FETCH: Accessibility Reviews - Project Check-in [2026-06-04] -> Work/2026/Q2/Week 23/Accessibility Reviews - Project Check-in (2026-06-04)/transcript.md
2026-06-10 22:47:15,715 INFO [dry] transcript MOVE: Work/2026/Q2/Week 23/Morgan - Jamie 1-1.md -> Work/2026/Q2/Week 23/Morgan - Jamie 1-1 (2026-06-04)/transcript.md
2026-06-10 22:47:15,715 INFO [dry] transcript MOVE: Work/2026/Q2/Week 23/eitan 1x1.md -> Work/2026/Q2/Week 23/Morgan - Eitan (2026-06-04)/transcript.md
2026-06-10 22:47:15,715 INFO [dry] transcript MOVE: Work/2026/Q2/Week 24/Morgan  Anna 1-1.md -> Work/2026/Q2/Week 24/Morgan - Anna 1-1 (2026-06-08) (2)/transcript.md
2026-06-10 22:47:15,715 INFO [dry] transcript FETCH: morgan x morgan 1:1 [2026-06-08] -> Work/2026/Q2/Week 24/morgan x morgan 1-1 (2026-06-08)/transcript.md
2026-06-10 22:47:15,715 INFO [dry] transcript MOVE: Work/2026/Q2/Week 24/Review Prioritisation Discussion.md -> Work/2026/Q2/Week 24/Review Prioritisation Discussion (2026-06-09)/transcript.md
2026-06-10 22:47:15,715 INFO [dry] transcript FETCH: [Hold] Review Reducting Strategy [2026-06-09] -> Work/2026/Q2/Week 24/[Hold] Review Reducting Strategy (2026-06-09)/transcript.md
2026-06-10 22:47:15,715 INFO [dry] transcript MOVE: Work/2026/Q2/Week 24/Accessibility team meeting.md -> Work/2026/Q2/Week 24/Accessibility team meeting (2026-06-10)/transcript.md
2026-06-10 22:47:15,715 INFO [dry] transcript MOVE: Work/2026/Q2/Week 24/Morgan  Natalie 1-1.md -> Work/2026/Q2/Week 24/Morgan - Natalie 1-1 (2026-06-10)/transcript.md
2026-06-10 22:49:23,796 INFO 128 summary files, 7 cron transcript files on disk
2026-06-10 22:49:36,028 INFO 136 meetings with summary and/or transcript
2026-06-10 22:49:36,114 INFO [dry] summary: Work/2026/Q1/Week 2/Morgan - Anna 1-1 (2026-01-07).md -> Work/2026/Q1/Week 2/Morgan - Anna 1-1 (2026-01-07)/summary.md
2026-06-10 22:49:36,114 INFO [dry] summary: Work/2026/Q1/Week 2/UX + A11y Sync (2026-01-07).md -> Work/2026/Q1/Week 2/UX + A11y Sync (2026-01-07)/summary.md
2026-06-10 22:49:36,114 INFO [dry] summary: Work/2026/Q1/Week 2/Accessibility Reviews - Project Check-in (2026-01-08).md -> Work/2026/Q1/Week 2/Accessibility Reviews - Project Check-in (2026-01-08)/summary.md
2026-06-10 22:49:36,114 INFO [dry] summary: Work/2026/Q1/Week 2/Accessibility Reviews - Project Check-in (2026-01-09).md -> Work/2026/Q1/Week 2/Accessibility Reviews - Project Check-in (2026-01-09)/summary.md
2026-06-10 22:49:36,114 INFO [dry] summary: Work/2026/Q1/Week 3/Anna's Career Discussion (2026-01-13).md -> Work/2026/Q1/Week 3/Anna's Career Discussion (2026-01-13)/summary.md
2026-06-10 22:49:36,114 INFO [dry] summary: Work/2026/Q1/Week 3/Accessibility Reviews - Project Check-in (2026-01-15).md -> Work/2026/Q1/Week 3/Accessibility Reviews - Project Check-in (2026-01-15)/summary.md
2026-06-10 22:49:36,114 INFO [dry] summary: Work/2026/Q1/Week 3/Accessibility Reviews - Project Check-in (2026-01-16).md -> Work/2026/Q1/Week 3/Accessibility Reviews - Project Check-in (2026-01-16)/summary.md
2026-06-10 22:49:36,114 INFO [dry] summary: Work/2026/Q1/Week 4/Accessibility team meeting (2026-01-21).md -> Work/2026/Q1/Week 4/Accessibility team meeting (2026-01-21)/summary.md
2026-06-10 22:49:36,114 INFO [dry] summary: Work/2026/Q1/Week 4/Morgan - Anna 1-1 (2026-01-21).md -> Work/2026/Q1/Week 4/Morgan - Anna 1-1 (2026-01-21)/summary.md
2026-06-10 22:49:36,114 INFO [dry] summary: Work/2026/Q1/Week 4/Accessibility Reviews - Project Check-in (2026-01-22).md -> Work/2026/Q1/Week 4/Accessibility Reviews - Project Check-in (2026-01-22)/summary.md
2026-06-10 22:49:36,114 INFO [dry] summary: Work/2026/Q1/Week 4/Accessibility Reviews - Project Check-in (2026-01-23) (2).md -> Work/2026/Q1/Week 4/Accessibility Reviews - Project Check-in (2026-01-23) (2)/summary.md
2026-06-10 22:49:36,114 INFO [dry] summary: Work/2026/Q1/Week 4/Accessibility Reviews - Project Check-in (2026-01-23).md -> Work/2026/Q1/Week 4/Accessibility Reviews - Project Check-in (2026-01-23)/summary.md
2026-06-10 22:49:36,114 INFO [dry] summary: Work/2026/Q1/Week 5/Google Calendar Meeting (not synced) (2026-01-27).md -> Work/2026/Q1/Week 5/Google Calendar Meeting (not synced) (2026-01-27)/summary.md
2026-06-10 22:49:36,114 INFO [dry] summary: Work/2026/Q1/Week 5/UX + A11y Sync (2026-01-28).md -> Work/2026/Q1/Week 5/UX + A11y Sync (2026-01-28)/summary.md
2026-06-10 22:49:36,114 INFO [dry] summary: Work/2026/Q1/Week 5/Accessibility Reviews - Project Check-in (2026-01-29).md -> Work/2026/Q1/Week 5/Accessibility Reviews - Project Check-in (2026-01-29)/summary.md
2026-06-10 22:49:36,114 INFO [dry] summary: Work/2026/Q1/Week 5/Morgan - Natalie 1-1 (extended version) (2026-01-29).md -> Work/2026/Q1/Week 5/Morgan - Natalie 1-1 (extended version) (2026-01-29)/summary.md
2026-06-10 22:49:36,114 INFO [dry] summary: Work/2026/Q1/Week 5/Accessibility Reviews - Project Check-in (2026-01-30).md -> Work/2026/Q1/Week 5/Accessibility Reviews - Project Check-in (2026-01-30)/summary.md
2026-06-10 22:49:36,114 INFO [dry] summary: Work/2026/Q1/Week 5/Morgan - Anna work week check in (2026-01-30).md -> Work/2026/Q1/Week 5/Morgan - Anna work week check in (2026-01-30)/summary.md
2026-06-10 22:49:36,114 INFO [dry] summary: Work/2026/Q1/Week 6/Accessibility team meeting (2026-02-04).md -> Work/2026/Q1/Week 6/Accessibility team meeting (2026-02-04)/summary.md
2026-06-10 22:49:36,114 INFO [dry] summary: Work/2026/Q1/Week 7/2026 H2 - A11y Contractor Discussion (2026-02-10).md -> Work/2026/Q1/Week 7/2026 H2 - A11y Contractor Discussion (2026-02-10)/summary.md
2026-06-10 22:49:36,114 INFO [dry] summary: Work/2026/Q1/Week 7/Accessibility Reviews - Project Check-in (2026-02-12).md -> Work/2026/Q1/Week 7/Accessibility Reviews - Project Check-in (2026-02-12)/summary.md
2026-06-10 22:49:36,114 INFO [dry] summary: Work/2026/Q1/Week 7/Accessibility Reviews - Project Check-in (2026-02-13).md -> Work/2026/Q1/Week 7/Accessibility Reviews - Project Check-in (2026-02-13)/summary.md
2026-06-10 22:49:36,114 INFO [dry] summary: Work/2026/Q1/Week 8/Accessibility team meeting (2026-02-18).md -> Work/2026/Q1/Week 8/Accessibility team meeting (2026-02-18)/summary.md
2026-06-10 22:49:36,114 INFO [dry] summary: Work/2026/Q1/Week 8/Morgan - Anna 1-1 (2026-02-18).md -> Work/2026/Q1/Week 8/Morgan - Anna 1-1 (2026-02-18)/summary.md
2026-06-10 22:49:36,114 INFO [dry] summary: Work/2026/Q1/Week 8/Morgan - Natalie 1-1 (2026-02-18).md -> Work/2026/Q1/Week 8/Morgan - Natalie 1-1 (2026-02-18)/summary.md
2026-06-10 22:49:36,114 INFO [dry] summary: Work/2026/Q1/Week 8/UX + A11y Sync (2026-02-18).md -> Work/2026/Q1/Week 8/UX + A11y Sync (2026-02-18)/summary.md
2026-06-10 22:49:36,115 INFO [dry] summary: Work/2026/Q1/Week 8/[Check-in] Natalie Performance III (2026-02-18).md -> Work/2026/Q1/Week 8/[Check-in] Natalie Performance III (2026-02-18)/summary.md
2026-06-10 22:49:36,115 INFO [dry] summary: Work/2026/Q1/Week 8/Accessibility Reviews - Project Check-in (2026-02-19).md -> Work/2026/Q1/Week 8/Accessibility Reviews - Project Check-in (2026-02-19)/summary.md
2026-06-10 22:49:36,115 INFO [dry] summary: Work/2026/Q1/Week 8/Accessibility Reviews - Project Check-in (2026-02-20).md -> Work/2026/Q1/Week 8/Accessibility Reviews - Project Check-in (2026-02-20)/summary.md
2026-06-10 22:49:36,115 INFO [dry] summary: Work/2026/Q1/Week 9/Review Prioritisation Discussion (2026-02-24).md -> Work/2026/Q1/Week 9/Review Prioritisation Discussion (2026-02-24)/summary.md
2026-06-10 22:49:36,115 INFO [dry] summary: Work/2026/Q1/Week 9/Morgan - Natalie 1-1 (2026-02-25).md -> Work/2026/Q1/Week 9/Morgan - Natalie 1-1 (2026-02-25)/summary.md
2026-06-10 22:49:36,115 INFO [dry] summary: Work/2026/Q1/Week 9/[Check-in] Natalie Performance III, pt.2 (2026-02-25).md -> Work/2026/Q1/Week 9/[Check-in] Natalie Performance III, pt.2 (2026-02-25)/summary.md
2026-06-10 22:49:36,115 INFO [dry] summary: Work/2026/Q1/Week 9/Accessibility Reviews - Project Check-in (2026-02-26).md -> Work/2026/Q1/Week 9/Accessibility Reviews - Project Check-in (2026-02-26)/summary.md
2026-06-10 22:49:36,115 INFO [dry] summary: Work/2026/Q1/Week 9/Accessibility Reviews - Project Check-in (2026-02-27).md -> Work/2026/Q1/Week 9/Accessibility Reviews - Project Check-in (2026-02-27)/summary.md
2026-06-10 22:49:36,115 INFO [dry] summary: Work/2026/Q1/Week 10/Morgan - Anna 1-1 (2026-03-02).md -> Work/2026/Q1/Week 10/Morgan - Anna 1-1 (2026-03-02)/summary.md
2026-06-10 22:49:36,115 INFO [dry] summary: Work/2026/Q1/Week 10/Review Prioritisation Discussion (2026-03-03).md -> Work/2026/Q1/Week 10/Review Prioritisation Discussion (2026-03-03)/summary.md
2026-06-10 22:49:36,115 INFO [dry] summary: Work/2026/Q1/Week 10/Accessibility team meeting (2026-03-04).md -> Work/2026/Q1/Week 10/Accessibility team meeting (2026-03-04)/summary.md
2026-06-10 22:49:36,115 INFO [dry] summary: Work/2026/Q1/Week 10/Morgan - Natalie 1-1 (2026-03-04).md -> Work/2026/Q1/Week 10/Morgan - Natalie 1-1 (2026-03-04)/summary.md
2026-06-10 22:49:36,115 INFO [dry] summary: Work/2026/Q1/Week 10/Accessibility Reviews - Project Check-in (2026-03-05).md -> Work/2026/Q1/Week 10/Accessibility Reviews - Project Check-in (2026-03-05)/summary.md
2026-06-10 22:49:36,115 INFO [dry] summary: Work/2026/Q1/Week 11/Morgan - Anna 1-1 (2026-03-09).md -> Work/2026/Q1/Week 11/Morgan - Anna 1-1 (2026-03-09)/summary.md
2026-06-10 22:49:36,115 INFO [dry] summary: Work/2026/Q1/Week 11/Review Prioritisation Discussion (2026-03-10).md -> Work/2026/Q1/Week 11/Review Prioritisation Discussion (2026-03-10)/summary.md
2026-06-10 22:49:36,115 INFO [dry] summary: Work/2026/Q1/Week 11/A11y bugs dashboard discussion (2026-03-11).md -> Work/2026/Q1/Week 11/A11y bugs dashboard discussion (2026-03-11)/summary.md
2026-06-10 22:49:36,115 INFO [dry] summary: Work/2026/Q1/Week 11/Morgan - Natalie 1-1 (2026-03-11).md -> Work/2026/Q1/Week 11/Morgan - Natalie 1-1 (2026-03-11)/summary.md
2026-06-10 22:49:36,115 INFO [dry] summary: Work/2026/Q1/Week 11/UX + A11y Sync (2026-03-11).md -> Work/2026/Q1/Week 11/UX + A11y Sync (2026-03-11)/summary.md
2026-06-10 22:49:36,115 INFO [dry] summary: Work/2026/Q1/Week 11/Accessibility Reviews - Project Check-in (2026-03-12).md -> Work/2026/Q1/Week 11/Accessibility Reviews - Project Check-in (2026-03-12)/summary.md
2026-06-10 22:49:36,115 INFO [dry] summary: Work/2026/Q1/Week 11/Accessibility Reviews - Project Check-in (2026-03-13) (2).md -> Work/2026/Q1/Week 11/Accessibility Reviews - Project Check-in (2026-03-13) (2)/summary.md
2026-06-10 22:49:36,115 INFO [dry] summary: Work/2026/Q1/Week 12/Morgan - Anna 1-1 (2026-03-16).md -> Work/2026/Q1/Week 12/Morgan - Anna 1-1 (2026-03-16)/summary.md
2026-06-10 22:49:36,115 INFO [dry] summary: Work/2026/Q1/Week 12/Accessibility team meeting (2026-03-17).md -> Work/2026/Q1/Week 12/Accessibility team meeting (2026-03-17)/summary.md
2026-06-10 22:49:36,115 INFO [dry] summary: Work/2026/Q1/Week 12/Review Prioritisation Discussion (2026-03-17).md -> Work/2026/Q1/Week 12/Review Prioritisation Discussion (2026-03-17)/summary.md
2026-06-10 22:49:36,115 INFO [dry] summary: Work/2026/Q1/Week 12/Accessibility team meeting (2026-03-18).md -> Work/2026/Q1/Week 12/Accessibility team meeting (2026-03-18)/summary.md
2026-06-10 22:49:36,115 INFO [dry] summary: Work/2026/Q1/Week 12/Morgan - Natalie 1-1 (2026-03-18).md -> Work/2026/Q1/Week 12/Morgan - Natalie 1-1 (2026-03-18)/summary.md
2026-06-10 22:49:36,115 INFO [dry] summary: Work/2026/Q1/Week 12/Accessibility Reviews - Project Check-in (2026-03-19).md -> Work/2026/Q1/Week 12/Accessibility Reviews - Project Check-in (2026-03-19)/summary.md
2026-06-10 22:49:36,115 INFO [dry] summary: Work/2026/Q1/Week 12/Accessibility Reviews - Project Check-in (2026-03-20).md -> Work/2026/Q1/Week 12/Accessibility Reviews - Project Check-in (2026-03-20)/summary.md
2026-06-10 22:49:36,115 INFO [dry] summary: Work/2026/Q1/Week 13/Morgan - Anna 1-1 (2026-03-23).md -> Work/2026/Q1/Week 13/Morgan - Anna 1-1 (2026-03-23)/summary.md
2026-06-10 22:49:36,115 INFO [dry] summary: Work/2026/Q1/Week 13/Review Prioritisation Discussion (2026-03-24).md -> Work/2026/Q1/Week 13/Review Prioritisation Discussion (2026-03-24)/summary.md
2026-06-10 22:49:36,115 INFO [dry] summary: Work/2026/Q1/Week 13/[Check-in] Natalie Performance IV (2026-03-24).md -> Work/2026/Q1/Week 13/[Check-in] Natalie Performance IV (2026-03-24)/summary.md
2026-06-10 22:49:36,115 INFO [dry] summary: Work/2026/Q1/Week 13/Morgan - Natalie 1-1 (2026-03-25).md -> Work/2026/Q1/Week 13/Morgan - Natalie 1-1 (2026-03-25)/summary.md
2026-06-10 22:49:36,115 INFO [dry] summary: Work/2026/Q1/Week 13/Accessibility Reviews - Project Check-in (2026-03-26).md -> Work/2026/Q1/Week 13/Accessibility Reviews - Project Check-in (2026-03-26)/summary.md
2026-06-10 22:49:36,115 INFO [dry] summary: Work/2026/Q1/Week 13/Accessibility Reviews - Project Check-in (2026-03-27).md -> Work/2026/Q1/Week 13/Accessibility Reviews - Project Check-in (2026-03-27)/summary.md
2026-06-10 22:49:36,115 INFO [dry] summary: Work/2026/Q1/Week 14/Review Prioritisation Discussion (2026-03-31).md -> Work/2026/Q1/Week 14/Review Prioritisation Discussion (2026-03-31)/summary.md
2026-06-10 22:49:36,115 INFO [dry] summary: Work/2026/Q1/Week 14/Accessibility team meeting (2026-04-01).md -> Work/2026/Q1/Week 14/Accessibility team meeting (2026-04-01)/summary.md
2026-06-10 22:49:36,115 INFO [dry] summary: Work/2026/Q1/Week 14/UX + A11y Sync (2026-04-01).md -> Work/2026/Q1/Week 14/UX + A11y Sync (2026-04-01)/summary.md
2026-06-10 22:49:36,115 INFO [dry] summary: Work/2026/Q1/Week 14/Morgan - Natalie 1-1 (2026-04-03).md -> Work/2026/Q1/Week 14/Morgan - Natalie 1-1 (2026-04-03)/summary.md
2026-06-10 22:49:36,115 INFO [dry] summary: Work/2026/Q2/Week 15/Review Prioritisation Discussion (2026-04-07).md -> Work/2026/Q2/Week 15/Review Prioritisation Discussion (2026-04-07)/summary.md
2026-06-10 22:49:36,115 INFO [dry] summary: Work/2026/Q2/Week 15/Accessibility Reviews - Project Check-in (2026-04-09).md -> Work/2026/Q2/Week 15/Accessibility Reviews - Project Check-in (2026-04-09)/summary.md
2026-06-10 22:49:36,115 INFO [dry] summary: Work/2026/Q2/Week 15/Accessibility Reviews - Project Check-in (2026-04-10).md -> Work/2026/Q2/Week 15/Accessibility Reviews - Project Check-in (2026-04-10)/summary.md
2026-06-10 22:49:36,115 INFO [dry] summary: Work/2026/Q2/Week 16/Morgan - Anna 1-1 (2026-04-13).md -> Work/2026/Q2/Week 16/Morgan - Anna 1-1 (2026-04-13)/summary.md
2026-06-10 22:49:36,115 INFO [dry] summary: Work/2026/Q2/Week 16/Review Prioritisation Discussion (2026-04-14).md -> Work/2026/Q2/Week 16/Review Prioritisation Discussion (2026-04-14)/summary.md
2026-06-10 22:49:36,115 INFO [dry] summary: Work/2026/Q2/Week 16/Accessibility team meeting (2026-04-15).md -> Work/2026/Q2/Week 16/Accessibility team meeting (2026-04-15)/summary.md
2026-06-10 22:49:36,115 INFO [dry] summary: Work/2026/Q2/Week 16/Morgan - Natalie 1-1 (2026-04-15).md -> Work/2026/Q2/Week 16/Morgan - Natalie 1-1 (2026-04-15)/summary.md
2026-06-10 22:49:36,115 INFO [dry] summary: Work/2026/Q2/Week 16/Accessibility Reviews - Project Check-in (2026-04-16).md -> Work/2026/Q2/Week 16/Accessibility Reviews - Project Check-in (2026-04-16)/summary.md
2026-06-10 22:49:36,115 INFO [dry] summary: Work/2026/Q2/Week 16/Accessibility Reviews - Project Check-in (2026-04-17) (2).md -> Work/2026/Q2/Week 16/Accessibility Reviews - Project Check-in (2026-04-17) (2)/summary.md
2026-06-10 22:49:36,115 INFO [dry] summary: Work/2026/Q2/Week 17/Morgan - Anna 1-1 (2026-04-20).md -> Work/2026/Q2/Week 17/Morgan - Anna 1-1 (2026-04-20)/summary.md
2026-06-10 22:49:36,115 INFO [dry] summary: Work/2026/Q2/Week 17/Review Prioritisation Discussion (2026-04-21).md -> Work/2026/Q2/Week 17/Review Prioritisation Discussion (2026-04-21)/summary.md
2026-06-10 22:49:36,115 INFO [dry] summary: Work/2026/Q2/Week 17/Morgan - Frank 1-1 - Quarterly Check-in (2026-04-22).md -> Work/2026/Q2/Week 17/Morgan - Frank 1-1 - Quarterly Check-in (2026-04-22)/summary.md
2026-06-10 22:49:36,115 INFO [dry] summary: Work/2026/Q2/Week 17/Morgan - Natalie 1-1 (2026-04-22).md -> Work/2026/Q2/Week 17/Morgan - Natalie 1-1 (2026-04-22)/summary.md
2026-06-10 22:49:36,115 INFO [dry] summary: Work/2026/Q2/Week 17/UX + A11y Sync (2026-04-22).md -> Work/2026/Q2/Week 17/UX + A11y Sync (2026-04-22)/summary.md
2026-06-10 22:49:36,115 INFO [dry] summary: Work/2026/Q2/Week 17/Accessibility Reviews - Project Check-in (2026-04-23).md -> Work/2026/Q2/Week 17/Accessibility Reviews - Project Check-in (2026-04-23)/summary.md
2026-06-10 22:49:36,115 INFO [dry] summary: Work/2026/Q2/Week 17/Accessibility Reviews - Project Check-in (2026-04-24).md -> Work/2026/Q2/Week 17/Accessibility Reviews - Project Check-in (2026-04-24)/summary.md
2026-06-10 22:49:36,115 INFO [dry] summary: Work/2026/Q2/Week 18/Morgan - Anna 1-1 (2026-04-27).md -> Work/2026/Q2/Week 18/Morgan - Anna 1-1 (2026-04-27)/summary.md
2026-06-10 22:49:36,115 INFO [dry] summary: Work/2026/Q2/Week 18/Review Prioritisation Discussion (2026-04-28).md -> Work/2026/Q2/Week 18/Review Prioritisation Discussion (2026-04-28)/summary.md
2026-06-10 22:49:36,115 INFO [dry] summary: Work/2026/Q2/Week 18/Accessibility team meeting (2026-04-29).md -> Work/2026/Q2/Week 18/Accessibility team meeting (2026-04-29)/summary.md
2026-06-10 22:49:36,115 INFO [dry] summary: Work/2026/Q2/Week 18/Morgan - Frank hiring chat (2026-04-29).md -> Work/2026/Q2/Week 18/Morgan - Frank hiring chat (2026-04-29)/summary.md
2026-06-10 22:49:36,115 INFO [dry] summary: Work/2026/Q2/Week 18/Morgan - Natalie 1-1 (2026-04-29).md -> Work/2026/Q2/Week 18/Morgan - Natalie 1-1 (2026-04-29)/summary.md
2026-06-10 22:49:36,116 INFO [dry] summary: Work/2026/Q2/Week 18/Accessibility Reviews - Project Check-in (2026-04-30).md -> Work/2026/Q2/Week 18/Accessibility Reviews - Project Check-in (2026-04-30)/summary.md
2026-06-10 22:49:36,116 INFO [dry] summary: Work/2026/Q2/Week 18/Accessibility Reviews - Project Check-in (2026-05-01).md -> Work/2026/Q2/Week 18/Accessibility Reviews - Project Check-in (2026-05-01)/summary.md
2026-06-10 22:49:36,116 INFO [dry] summary: Work/2026/Q2/Week 19/Morgan - Anna 1-1 (2026-05-04).md -> Work/2026/Q2/Week 19/Morgan - Anna 1-1 (2026-05-04)/summary.md
2026-06-10 22:49:36,116 INFO [dry] summary: Work/2026/Q2/Week 19/General A11y Reviews Management (2026-05-05).md -> Work/2026/Q2/Week 19/General A11y Reviews Management (2026-05-05)/summary.md
2026-06-10 22:49:36,116 INFO [dry] summary: Work/2026/Q2/Week 19/Review Prioritisation Discussion (2026-05-05).md -> Work/2026/Q2/Week 19/Review Prioritisation Discussion (2026-05-05)/summary.md
2026-06-10 22:49:36,116 INFO [dry] summary: Work/2026/Q2/Week 19/Google Calendar Meeting (not synced) (2026-05-06).md -> Work/2026/Q2/Week 19/Google Calendar Meeting (not synced) (2026-05-06)/summary.md
2026-06-10 22:49:36,116 INFO [dry] summary: Work/2026/Q2/Week 19/Morgan - Natalie 1-1 (2026-05-06).md -> Work/2026/Q2/Week 19/Morgan - Natalie 1-1 (2026-05-06)/summary.md
2026-06-10 22:49:36,116 INFO [dry] summary: Work/2026/Q2/Week 19/Accessibility Reviews - Project Check-in (2026-05-07).md -> Work/2026/Q2/Week 19/Accessibility Reviews - Project Check-in (2026-05-07)/summary.md
2026-06-10 22:49:36,116 INFO [dry] summary: Work/2026/Q2/Week 19/Google Calendar Meeting (not synced) (2026-05-07).md -> Work/2026/Q2/Week 19/Google Calendar Meeting (not synced) (2026-05-07)/summary.md
2026-06-10 22:49:36,116 INFO [dry] summary: Work/2026/Q2/Week 19/Accessibility Reviews - Project Check-in (2026-05-08).md -> Work/2026/Q2/Week 19/Accessibility Reviews - Project Check-in (2026-05-08)/summary.md
2026-06-10 22:49:36,116 INFO [dry] summary: Work/2026/Q2/Week 20/Morgan - Anna 1-1 (2026-05-11).md -> Work/2026/Q2/Week 20/Morgan - Anna 1-1 (2026-05-11)/summary.md
2026-06-10 22:49:36,116 INFO [dry] summary: Work/2026/Q2/Week 20/Review Quality Assessment Strategising (2026-05-11).md -> Work/2026/Q2/Week 20/Review Quality Assessment Strategising (2026-05-11)/summary.md
2026-06-10 22:49:36,116 INFO [dry] summary: Work/2026/Q2/Week 20/a11y-ai review tools precheck (2026-05-11).md -> Work/2026/Q2/Week 20/a11y-ai review tools precheck (2026-05-11)/summary.md
2026-06-10 22:49:36,116 INFO [dry] summary: Work/2026/Q2/Week 20/Review Prioritisation Discussion (2026-05-12).md -> Work/2026/Q2/Week 20/Review Prioritisation Discussion (2026-05-12)/summary.md
2026-06-10 22:49:36,116 INFO [dry] summary: Work/2026/Q2/Week 20/Accessibility team meeting (2026-05-13).md -> Work/2026/Q2/Week 20/Accessibility team meeting (2026-05-13)/summary.md
2026-06-10 22:49:36,116 INFO [dry] summary: Work/2026/Q2/Week 20/Morgan - Natalie 1-1 (2026-05-13).md -> Work/2026/Q2/Week 20/Morgan - Natalie 1-1 (2026-05-13)/summary.md
2026-06-10 22:49:36,116 INFO [dry] summary: Work/2026/Q2/Week 20/UX + A11y Sync (2026-05-13).md -> Work/2026/Q2/Week 20/UX + A11y Sync (2026-05-13)/summary.md
2026-06-10 22:49:36,116 INFO [dry] summary: Work/2026/Q2/Week 20/Accessibility Reviews - Project Check-in (2026-05-14).md -> Work/2026/Q2/Week 20/Accessibility Reviews - Project Check-in (2026-05-14)/summary.md
2026-06-10 22:49:36,116 INFO [dry] summary: Work/2026/Q2/Week 21/Morgan - Anna 1-1 (2026-05-18).md -> Work/2026/Q2/Week 21/Morgan - Anna 1-1 (2026-05-18)/summary.md
2026-06-10 22:49:36,116 INFO [dry] summary: Work/2026/Q2/Week 21/Review Prioritisation Discussion (2026-05-19).md -> Work/2026/Q2/Week 21/Review Prioritisation Discussion (2026-05-19)/summary.md
2026-06-10 22:49:36,116 INFO [dry] summary: Work/2026/Q2/Week 21/Reviewer Contractor Discussion (2026-05-19).md -> Work/2026/Q2/Week 21/Reviewer Contractor Discussion (2026-05-19)/summary.md
2026-06-10 22:49:36,116 INFO [dry] summary: Work/2026/Q2/Week 21/Morgan - Kim phab review skill sync (2026-05-20).md -> Work/2026/Q2/Week 21/Morgan - Kim phab review skill sync (2026-05-20)/summary.md
2026-06-10 22:49:36,116 INFO [dry] summary: Work/2026/Q2/Week 21/Morgan - Natalie 1-1 (2026-05-20).md -> Work/2026/Q2/Week 21/Morgan - Natalie 1-1 (2026-05-20)/summary.md
2026-06-10 22:49:36,116 INFO [dry] summary: Work/2026/Q2/Week 21/Accessibility Reviews - Project Check-in (2026-05-21) (2).md -> Work/2026/Q2/Week 21/Accessibility Reviews - Project Check-in (2026-05-21) (2)/summary.md
2026-06-10 22:49:36,116 INFO [dry] summary: Work/2026/Q2/Week 22/Morgan - Anna 1-1 (2026-05-26).md -> Work/2026/Q2/Week 22/Morgan - Anna 1-1 (2026-05-26)/summary.md
2026-06-10 22:49:36,116 INFO [dry] summary: Work/2026/Q2/Week 22/Review Prioritisation Discussion (2026-05-26).md -> Work/2026/Q2/Week 22/Review Prioritisation Discussion (2026-05-26)/summary.md
2026-06-10 22:49:36,116 INFO [dry] summary: Work/2026/Q2/Week 22/Accessibility team meeting (2026-05-27).md -> Work/2026/Q2/Week 22/Accessibility team meeting (2026-05-27)/summary.md
2026-06-10 22:49:36,116 INFO [dry] summary: Work/2026/Q2/Week 22/Morgan - Natalie 1-1 (2026-05-27).md -> Work/2026/Q2/Week 22/Morgan - Natalie 1-1 (2026-05-27)/summary.md
2026-06-10 22:49:36,116 INFO [dry] summary: Work/2026/Q2/Week 22/Accessibility Reviews - Project Check-in (2026-05-28).md -> Work/2026/Q2/Week 22/Accessibility Reviews - Project Check-in (2026-05-28)/summary.md
2026-06-10 22:49:36,116 INFO [dry] summary: Work/2026/Q2/Week 22/Accessibility Reviews - Project Check-in (2026-05-29).md -> Work/2026/Q2/Week 22/Accessibility Reviews - Project Check-in (2026-05-29)/summary.md
2026-06-10 22:49:36,116 INFO [dry] summary: Work/2026/Q2/Week 23/Morgan - Anna 1-1 (2026-06-01).md -> Work/2026/Q2/Week 23/Morgan - Anna 1-1 (2026-06-01)/summary.md
2026-06-10 22:49:36,116 INFO [dry] summary: Work/2026/Q2/Week 23/Review Prioritisation Discussion (2026-06-02).md -> Work/2026/Q2/Week 23/Review Prioritisation Discussion (2026-06-02)/summary.md
2026-06-10 22:49:36,116 INFO [dry] summary: Work/2026/Q2/Week 23/[Check-in] Natalie Performance VI (2026-06-02).md -> Work/2026/Q2/Week 23/[Check-in] Natalie Performance VI (2026-06-02)/summary.md
2026-06-10 22:49:36,116 INFO [dry] summary: Work/2026/Q2/Week 23/Morgan - Natalie 1-1 (2026-06-03).md -> Work/2026/Q2/Week 23/Morgan - Natalie 1-1 (2026-06-03)/summary.md
2026-06-10 22:49:36,116 INFO [dry] summary: Work/2026/Q2/Week 23/UX + A11y Sync (2026-06-03).md -> Work/2026/Q2/Week 23/UX + A11y Sync (2026-06-03)/summary.md
2026-06-10 22:49:36,116 INFO [dry] summary: Work/2026/Q2/Week 23/Accessibility Reviews - Project Check-in (2026-06-04).md -> Work/2026/Q2/Week 23/Accessibility Reviews - Project Check-in (2026-06-04)/summary.md
2026-06-10 22:49:36,116 INFO [dry] summary: Work/2026/Q2/Week 24/Morgan (she-they)'s Personal Meeting Room (2026-06-08).md -> Work/2026/Q2/Week 24/Morgan (she-they)'s Personal Meeting Room (2026-06-08)/summary.md
2026-06-10 22:49:36,116 INFO [dry] summary: Work/2026/Q2/Week 24/Morgan - Anna 1-1 (2026-06-08) (2).md -> Work/2026/Q2/Week 24/Morgan - Anna 1-1 (2026-06-08) (2)/summary.md
2026-06-10 22:49:36,116 INFO [dry] summary: Work/2026/Q2/Week 24/morgan x morgan 1-1 (2026-06-08).md -> Work/2026/Q2/Week 24/morgan x morgan 1-1 (2026-06-08)/summary.md
2026-06-10 22:49:36,116 INFO [dry] summary: Work/2026/Q2/Week 24/Review Prioritisation Discussion (2026-06-09).md -> Work/2026/Q2/Week 24/Review Prioritisation Discussion (2026-06-09)/summary.md
2026-06-10 22:49:36,116 INFO [dry] summary: Work/2026/Q2/Week 24/[Hold] Review Reducting Strategy (2026-06-09).md -> Work/2026/Q2/Week 24/[Hold] Review Reducting Strategy (2026-06-09)/summary.md
2026-06-10 22:49:36,116 INFO [dry] summary: Work/2026/Q2/Week 24/Accessibility team meeting (2026-06-10).md -> Work/2026/Q2/Week 24/Accessibility team meeting (2026-06-10)/summary.md
2026-06-10 22:49:36,116 INFO [dry] summary: Work/2026/Q2/Week 24/Morgan - Natalie 1-1 (2026-06-10).md -> Work/2026/Q2/Week 24/Morgan - Natalie 1-1 (2026-06-10)/summary.md
2026-06-10 22:49:36,116 INFO [dry] summary(leftover): Work/2026/Q2/Week 23/Google Calendar Meeting (not synced) (2026-06-03).md -> Work/2026/Q2/Week 23/Google Calendar Meeting (not synced) (2026-06-03)/summary.md
2026-06-10 22:49:36,116 INFO [dry] transcript FETCH: a11y-ai review tools precheck [2026-05-11] -> Work/2026/Q2/Week 20/a11y-ai review tools precheck (2026-05-11)/transcript.md
2026-06-10 22:49:36,116 INFO [dry] transcript FETCH: Morgan / Frank 1:1 [2026-06-03] -> Work/2026/Q2/Week 23/Morgan - Frank 1-1 (2026-06-03)/transcript.md
2026-06-10 22:49:36,116 INFO [dry] transcript FETCH: Morgan / Natalie 1:1 [2026-06-03] -> Work/2026/Q2/Week 23/Morgan - Natalie 1-1 (2026-06-03)/transcript.md
2026-06-10 22:49:36,116 INFO [dry] transcript MOVE: Work/2026/Q2/Week 23/ux sync.md -> Work/2026/Q2/Week 23/UX + A11y Sync (2026-06-03)/transcript.md
2026-06-10 22:49:36,116 INFO [dry] transcript FETCH: Accessibility Reviews - Project Check-in [2026-06-04] -> Work/2026/Q2/Week 23/Accessibility Reviews - Project Check-in (2026-06-04)/transcript.md
2026-06-10 22:49:36,116 INFO [dry] transcript MOVE: Work/2026/Q2/Week 23/Morgan - Jamie 1-1.md -> Work/2026/Q2/Week 23/Morgan - Jamie 1-1 (2026-06-04)/transcript.md
2026-06-10 22:49:36,117 INFO [dry] transcript MOVE: Work/2026/Q2/Week 23/eitan 1x1.md -> Work/2026/Q2/Week 23/Morgan - Eitan (2026-06-04)/transcript.md
2026-06-10 22:49:36,117 INFO [dry] transcript MOVE: Work/2026/Q2/Week 24/Morgan  Anna 1-1.md -> Work/2026/Q2/Week 24/Morgan - Anna 1-1 (2026-06-08) (2)/transcript.md
2026-06-10 22:49:36,117 INFO [dry] transcript FETCH: morgan x morgan 1:1 [2026-06-08] -> Work/2026/Q2/Week 24/morgan x morgan 1-1 (2026-06-08)/transcript.md
2026-06-10 22:49:36,117 INFO [dry] transcript MOVE: Work/2026/Q2/Week 24/Review Prioritisation Discussion.md -> Work/2026/Q2/Week 24/Review Prioritisation Discussion (2026-06-09)/transcript.md
2026-06-10 22:49:36,117 INFO [dry] transcript FETCH: [Hold] Review Reducting Strategy [2026-06-09] -> Work/2026/Q2/Week 24/[Hold] Review Reducting Strategy (2026-06-09)/transcript.md
2026-06-10 22:49:36,117 INFO [dry] transcript MOVE: Work/2026/Q2/Week 24/Accessibility team meeting.md -> Work/2026/Q2/Week 24/Accessibility team meeting (2026-06-10)/transcript.md
2026-06-10 22:49:36,117 INFO [dry] transcript MOVE: Work/2026/Q2/Week 24/Morgan  Natalie 1-1.md -> Work/2026/Q2/Week 24/Morgan - Natalie 1-1 (2026-06-10)/transcript.md
2026-06-10 22:50:01,422 INFO 128 summary files, 7 cron transcript files on disk
2026-06-10 22:50:14,344 INFO 136 meetings with summary and/or transcript
2026-06-10 22:50:36,289 ERROR transcript fetch failed a11y-ai review tools precheck [2026-05-11]: empty transcript
2026-06-10 22:50:42,528 INFO FETCHED transcript: Work/2026/Q2/Week 23/Morgan - Frank 1-1 (2026-06-03)/transcript.md
2026-06-10 22:50:48,744 INFO FETCHED transcript: Work/2026/Q2/Week 23/Morgan - Natalie 1-1 (2026-06-03)/transcript.md
2026-06-10 22:50:54,929 INFO FETCHED transcript: Work/2026/Q2/Week 23/Accessibility Reviews - Project Check-in (2026-06-04)/transcript.md
2026-06-10 22:51:01,107 INFO FETCHED transcript: Work/2026/Q2/Week 24/morgan x morgan 1-1 (2026-06-08)/transcript.md
2026-06-10 22:51:07,989 INFO FETCHED transcript: Work/2026/Q2/Week 24/[Hold] Review Reducting Strategy (2026-06-09)/transcript.md
2026-06-11 10:32:50,129 INFO 29 summary files, 0 cron transcript files on disk
2026-06-11 10:33:02,318 INFO 29 meetings with summary and/or transcript
2026-06-11 10:33:13,614 INFO 29 summary files, 0 cron transcript files on disk
2026-06-11 10:33:25,965 INFO 29 meetings with summary and/or transcript
