2026-06-04 16:04:10,026 INFO Navigating to https://hub.zoom.us/notes
2026-06-04 16:08:47,504 INFO Loaded 52 Zoom cookies from Firefox Nightly
2026-06-04 16:09:01,023 INFO Loaded 52 Zoom cookies from Firefox Nightly
2026-06-04 16:10:11,524 INFO Loaded 52 Zoom cookies from Firefox Nightly
2026-06-04 16:10:12,532 INFO Navigating to https://hub.zoom.us/notes
2026-06-04 16:10:18,351 INFO Looking for note: Morgan - Jamie 1:1
2026-06-04 16:10:19,852 INFO Saved: /Users/morganraereschenberg/Library/Mobile Documents/iCloud~md~obsidian/Documents/Work/2026/Q2/Week 23/Morgan - Jamie 11.md
2026-06-04 16:10:20,042 INFO Done.
2026-06-08 13:57:16,528 INFO Loaded 52 Zoom cookies from Firefox Nightly
2026-06-08 13:57:17,691 INFO Navigating to https://hub.zoom.us/notes
2026-06-08 13:57:28,857 INFO Looking for note: 1:1 with Anna
2026-06-08 13:57:28,927 WARNING Could not find note for: 1:1 with Anna
2026-06-08 13:57:28,927 WARNING Skipping '1:1 with Anna' — note not found
2026-06-08 13:57:29,116 INFO Done.
2026-06-08 13:57:52,678 INFO Loaded 52 Zoom cookies from Firefox Nightly
2026-06-08 13:57:53,812 INFO Navigating to https://hub.zoom.us/notes
2026-06-08 13:57:58,004 INFO Looking for note: Morgan / Anna 1:1
2026-06-08 13:57:59,521 INFO Saved: /Users/morganraereschenberg/Library/Mobile Documents/iCloud~md~obsidian/Documents/Work/2026/Q2/Week 24/Morgan  Anna 1-1.md
2026-06-08 13:57:59,824 INFO Done.
2026-06-08 17:00:06,544 INFO No meetings to process — done.
2026-06-09 17:00:05,741 INFO Loaded 51 Zoom cookies from Firefox Nightly
2026-06-09 17:00:22,817 INFO Navigating to https://hub.zoom.us/notes
2026-06-09 17:00:25,354 INFO Looking for note: Review Prioritisation Discussion
2026-06-09 17:00:26,782 WARNING Could not find note for: Review Prioritisation Discussion
2026-06-09 17:00:26,782 WARNING Skipping 'Review Prioritisation Discussion' — note not found
2026-06-09 17:00:26,782 INFO Looking for note: Review Reducting Strategy
2026-06-09 17:00:26,862 WARNING Could not find note for: Review Reducting Strategy
2026-06-09 17:00:26,862 WARNING Skipping 'Review Reducting Strategy' — note not found
2026-06-09 17:00:27,307 INFO Done.
2026-06-10 17:00:06,406 INFO Loaded 50 Zoom cookies from Firefox Nightly
2026-06-10 17:00:27,183 INFO Navigating to https://hub.zoom.us/notes
2026-06-10 17:00:35,330 INFO Looking for note: Morgan / Natalie 1:1
2026-06-10 17:00:41,010 WARNING Could not find or expand transcript section
2026-06-10 17:00:42,657 INFO Saved: /Users/morganraereschenberg/Library/Mobile Documents/iCloud~md~obsidian/Documents/Work/2026/Q2/Week 24/Morgan  Natalie 1-1.md
2026-06-10 17:00:42,657 INFO Looking for note: Accessibility team meeting
2026-06-10 17:00:45,341 INFO Saved: /Users/morganraereschenberg/Library/Mobile Documents/iCloud~md~obsidian/Documents/Work/2026/Q2/Week 24/Accessibility team meeting.md
2026-06-10 17:00:48,175 INFO Done.
2026-06-11 10:05:33,053 INFO 2 meeting title(s) in note for 2026-06-10: ['Morgan / Natalie 1:1', 'Accessibility team meeting']
2026-06-11 10:05:33,055 INFO Loaded 50 Zoom cookies from Firefox Nightly
2026-06-11 10:05:38,776 INFO 2 Zoom meeting(s) found for 2026-06-10
2026-06-11 10:05:38,854 INFO summary exists, skip: Work/2026/Q2/Week 24/Meetings/Morgan - Natalie 1-1 (2026-06-10)/summary.md
2026-06-11 10:05:38,854 INFO transcript exists, skip: Work/2026/Q2/Week 24/Meetings/Morgan - Natalie 1-1 (2026-06-10)/transcript.md
2026-06-11 10:05:38,857 INFO summary exists, skip: Work/2026/Q2/Week 24/Meetings/Accessibility team meeting (2026-06-10)/summary.md
2026-06-11 10:05:38,858 INFO transcript exists, skip: Work/2026/Q2/Week 24/Meetings/Accessibility team meeting (2026-06-10)/transcript.md
2026-06-11 10:05:39,137 INFO Done.
2026-06-11 10:06:14,161 INFO 2 meeting title(s) in note for 2026-06-10: ['Morgan / Natalie 1:1', 'Accessibility team meeting']
2026-06-11 10:06:14,184 INFO Loaded 50 Zoom cookies from Firefox Nightly
2026-06-11 10:06:18,999 INFO 2 Zoom meeting(s) found for 2026-06-10
2026-06-11 10:06:25,435 INFO SAVED Work/2026/Q2/Week 24/Meetings/Morgan - Natalie 1-1 (2026-06-10)/summary.md
2026-06-11 10:06:25,435 INFO transcript exists, skip: Work/2026/Q2/Week 24/Meetings/Morgan - Natalie 1-1 (2026-06-10)/transcript.md
2026-06-11 10:06:25,435 INFO 'Morgan / Natalie 1:1' -> Morgan - Natalie 1-1 (2026-06-10)/ [summary]
2026-06-11 10:06:25,446 INFO summary exists, skip: Work/2026/Q2/Week 24/Meetings/Accessibility team meeting (2026-06-10)/summary.md
2026-06-11 10:06:25,446 INFO transcript exists, skip: Work/2026/Q2/Week 24/Meetings/Accessibility team meeting (2026-06-10)/transcript.md
2026-06-11 10:06:25,635 INFO Done.
2026-06-11 17:00:08,455 INFO 2 meeting title(s) in note for 2026-06-11: ['Accessibility Reviews - Project Check-in', 'Morgan - Jamie 1:1']
2026-06-11 17:00:08,855 INFO Loaded 54 Zoom cookies from Firefox Nightly
2026-06-11 17:00:51,200 INFO 3 Zoom meeting(s) found for 2026-06-11
2026-06-11 17:00:58,229 INFO SAVED Work/2026/Q2/Week 24/Meetings/Accessibility Reviews - Project Check-in (2026-06-11)/summary.md
2026-06-11 17:01:11,413 INFO SAVED Work/2026/Q2/Week 24/Meetings/Accessibility Reviews - Project Check-in (2026-06-11)/transcript.md
2026-06-11 17:01:11,457 INFO 'Accessibility Reviews - Project Check-in' -> Accessibility Reviews - Project Check-in (2026-06-11)/ [summary, transcript]
2026-06-11 17:01:19,085 INFO SAVED Work/2026/Q2/Week 24/Meetings/Morgan - Jamie 1-1 (2026-06-11)/transcript.md
2026-06-11 17:01:19,085 INFO 'Morgan - Jamie 1:1' -> Morgan - Jamie 1-1 (2026-06-11)/ [transcript]
2026-06-11 17:01:19,085 INFO (not in note) Zoom meeting with assets today: 'Evelyn Santana's Personal Meeting Room'
2026-06-11 17:01:26,101 INFO Done.
2026-06-12 17:00:06,611 INFO 1 meeting title(s) in note for 2026-06-12: ['Accessibility Reviews - Project Check-in']
2026-06-12 17:00:06,891 INFO Loaded 51 Zoom cookies from Firefox Nightly
2026-06-12 17:00:51,867 INFO 2 Zoom meeting(s) found for 2026-06-12
2026-06-12 17:01:00,611 INFO SAVED Work/2026/Q2/Week 24/Meetings/Accessibility Reviews - Project Check-in (2026-06-12)/summary.md
2026-06-12 17:01:08,942 INFO SAVED Work/2026/Q2/Week 24/Meetings/Accessibility Reviews - Project Check-in (2026-06-12)/transcript.md
2026-06-12 17:01:08,965 INFO 'Accessibility Reviews - Project Check-in' -> Accessibility Reviews - Project Check-in (2026-06-12)/ [summary, transcript]
2026-06-12 17:01:10,523 INFO Done.
2026-06-13 17:00:08,446 ERROR No day entry for 2026-06-13
2026-06-13 17:00:08,447 INFO No meetings to process — done.
2026-06-14 17:00:09,487 ERROR No day entry for 2026-06-14
2026-06-14 17:00:09,488 INFO No meetings to process — done.
